Component: ARM Compiler 5.06 update 6 (build 750) Tool: armlink [4d35ed]

==============================================================================

Section Cross References

    startup_stm32f103xb.o(RESET) refers to startup_stm32f103xb.o(STACK) for __initial_sp
    startup_stm32f103xb.o(RESET) refers to startup_stm32f103xb.o(.text) for Reset_Handler
    startup_stm32f103xb.o(RESET) refers to stm32f1xx_it.o(i.NMI_Handler) for NMI_Handler
    startup_stm32f103xb.o(RESET) refers to stm32f1xx_it.o(i.HardFault_Handler) for HardFault_Handler
    startup_stm32f103xb.o(RESET) refers to stm32f1xx_it.o(i.MemManage_Handler) for MemManage_Handler
    startup_stm32f103xb.o(RESET) refers to stm32f1xx_it.o(i.BusFault_Handler) for BusFault_Handler
    startup_stm32f103xb.o(RESET) refers to stm32f1xx_it.o(i.UsageFault_Handler) for UsageFault_Handler
    startup_stm32f103xb.o(RESET) refers to stm32f1xx_it.o(i.SVC_Handler) for SVC_Handler
    startup_stm32f103xb.o(RESET) refers to stm32f1xx_it.o(i.DebugMon_Handler) for DebugMon_Handler
    startup_stm32f103xb.o(RESET) refers to stm32f1xx_it.o(i.PendSV_Handler) for PendSV_Handler
    startup_stm32f103xb.o(RESET) refers to stm32f1xx_it.o(i.SysTick_Handler) for SysTick_Handler
    startup_stm32f103xb.o(RESET) refers to stm32f1xx_it.o(i.DMA1_Channel3_IRQHandler) for DMA1_Channel3_IRQHandler
    startup_stm32f103xb.o(RESET) refers to stm32f1xx_it.o(i.DMA1_Channel5_IRQHandler) for DMA1_Channel5_IRQHandler
    startup_stm32f103xb.o(RESET) refers to stm32f1xx_it.o(i.DMA1_Channel6_IRQHandler) for DMA1_Channel6_IRQHandler
    startup_stm32f103xb.o(RESET) refers to stm32f1xx_it.o(i.USART1_IRQHandler) for USART1_IRQHandler
    startup_stm32f103xb.o(RESET) refers to stm32f1xx_it.o(i.USART2_IRQHandler) for USART2_IRQHandler
    startup_stm32f103xb.o(RESET) refers to stm32f1xx_it.o(i.USART3_IRQHandler) for USART3_IRQHandler
    startup_stm32f103xb.o(.text) refers to system_stm32f1xx.o(i.SystemInit) for SystemInit
    startup_stm32f103xb.o(.text) refers to entry.o(.ARM.Collect$$$$00000000) for __main
    hmi_driver.o(i.AnimationPause) refers to usart.o(i.SendChar) for SendChar
    hmi_driver.o(i.AnimationPlayFrame) refers to usart.o(i.SendChar) for SendChar
    hmi_driver.o(i.AnimationPlayNext) refers to usart.o(i.SendChar) for SendChar
    hmi_driver.o(i.AnimationPlayPrev) refers to usart.o(i.SendChar) for SendChar
    hmi_driver.o(i.AnimationStart) refers to usart.o(i.SendChar) for SendChar
    hmi_driver.o(i.AnimationStop) refers to usart.o(i.SendChar) for SendChar
    hmi_driver.o(i.BatchBegin) refers to usart.o(i.SendChar) for SendChar
    hmi_driver.o(i.BatchEnd) refers to usart.o(i.SendChar) for SendChar
    hmi_driver.o(i.BatchSetButtonValue) refers to usart.o(i.SendChar) for SendChar
    hmi_driver.o(i.BatchSetEnable) refers to usart.o(i.SendChar) for SendChar
    hmi_driver.o(i.BatchSetFrame) refers to usart.o(i.SendChar) for SendChar
    hmi_driver.o(i.BatchSetMeterValue) refers to usart.o(i.SendChar) for SendChar
    hmi_driver.o(i.BatchSetProgressValue) refers to usart.o(i.SendChar) for SendChar
    hmi_driver.o(i.BatchSetSliderValue) refers to usart.o(i.SendChar) for SendChar
    hmi_driver.o(i.BatchSetText) refers to usart.o(i.SendChar) for SendChar
    hmi_driver.o(i.BatchSetText) refers to hmi_driver.o(i.GetStringLen) for GetStringLen
    hmi_driver.o(i.BatchSetText) refers to hmi_driver.o(i.SendStrings) for SendStrings
    hmi_driver.o(i.BatchSetVisible) refers to usart.o(i.SendChar) for SendChar
    hmi_driver.o(i.CalibrateTouchPane) refers to usart.o(i.SendChar) for SendChar
    hmi_driver.o(i.ClearLayer) refers to usart.o(i.SendChar) for SendChar
    hmi_driver.o(i.ColorPicker) refers to usart.o(i.SendChar) for SendChar
    hmi_driver.o(i.CopyLayer) refers to usart.o(i.SendChar) for SendChar
    hmi_driver.o(i.DisArea_Image) refers to usart.o(i.SendChar) for SendChar
    hmi_driver.o(i.DisCursor) refers to usart.o(i.SendChar) for SendChar
    hmi_driver.o(i.DisCut_Image) refers to usart.o(i.SendChar) for SendChar
    hmi_driver.o(i.DisFlashImage) refers to usart.o(i.SendChar) for SendChar
    hmi_driver.o(i.DisFull_Image) refers to usart.o(i.SendChar) for SendChar
    hmi_driver.o(i.DisText) refers to usart.o(i.SendChar) for SendChar
    hmi_driver.o(i.DisText) refers to hmi_driver.o(i.SendStrings) for SendStrings
    hmi_driver.o(i.DisplyLayer) refers to usart.o(i.SendChar) for SendChar
    hmi_driver.o(i.FlashBeginSaveControl) refers to usart.o(i.SendChar) for SendChar
    hmi_driver.o(i.FlashEndSaveControl) refers to usart.o(i.SendChar) for SendChar
    hmi_driver.o(i.FlashRestoreControl) refers to usart.o(i.SendChar) for SendChar
    hmi_driver.o(i.FlashSaveControl) refers to usart.o(i.SendChar) for SendChar
    hmi_driver.o(i.GUI_Arc) refers to usart.o(i.SendChar) for SendChar
    hmi_driver.o(i.GUI_AreaInycolor) refers to usart.o(i.SendChar) for SendChar
    hmi_driver.o(i.GUI_BcolorConDots) refers to usart.o(i.SendChar) for SendChar
[...]
    ../Drivers/STM32F1xx_HAL_Driver/Src/stm32f1xx_hal_tim.c 0x00000000   Number         0  stm32f1xx_hal_tim.o ABSOLUTE
    ../Drivers/STM32F1xx_HAL_Driver/Src/stm32f1xx_hal_tim_ex.c 0x00000000   Number         0  stm32f1xx_hal_tim_ex.o ABSOLUTE
    ../Drivers/STM32F1xx_HAL_Driver/Src/stm32f1xx_hal_uart.c 0x00000000   Number         0  stm32f1xx_hal_uart.o ABSOLUTE
    ../Src/dma.c                             0x00000000   Number         0  dma.o ABSOLUTE
    ../Src/gpio.c                            0x00000000   Number         0  gpio.o ABSOLUTE
    ../Src/i2c.c                             0x00000000   Number         0  i2c.o ABSOLUTE
    ../Src/main.c                            0x00000000   Number         0  main.o ABSOLUTE
    ../Src/spi.c                             0x00000000   Number         0  spi.o ABSOLUTE
    ../Src/stm32f1xx_hal_msp.c               0x00000000   Number         0  stm32f1xx_hal_msp.o ABSOLUTE
    ../Src/stm32f1xx_it.c                    0x00000000   Number         0  stm32f1xx_it.o ABSOLUTE
    ../Src/system_stm32f1xx.c                0x00000000   Number         0  system_stm32f1xx.o ABSOLUTE
    ../Src/usart.c                           0x00000000   Number         0  usart.o ABSOLUTE
    ../clib/microlib/division.c              0x00000000   Number         0  uidiv.o ABSOLUTE
    ../clib/microlib/division.c              0x00000000   Number         0  uldiv.o ABSOLUTE
    ../clib/microlib/init/entry.s            0x00000000   Number         0  entry7b.o ABSOLUTE
    ../clib/microlib/init/entry.s            0x00000000   Number         0  entry8b.o ABSOLUTE
    ../clib/microlib/init/entry.s            0x00000000   Number         0  entry7a.o ABSOLUTE
    ../clib/microlib/init/entry.s            0x00000000   Number         0  entry.o ABSOLUTE
    ../clib/microlib/init/entry.s            0x00000000   Number         0  entry5.o ABSOLUTE
    ../clib/microlib/init/entry.s            0x00000000   Number         0  entry11a.o ABSOLUTE
    ../clib/microlib/init/entry.s            0x00000000   Number         0  entry10b.o ABSOLUTE
    ../clib/microlib/init/entry.s            0x00000000   Number         0  entry8a.o ABSOLUTE
    ../clib/microlib/init/entry.s            0x00000000   Number         0  entry10a.o ABSOLUTE
    ../clib/microlib/init/entry.s            0x00000000   Number         0  entry9b.o ABSOLUTE
    ../clib/microlib/init/entry.s            0x00000000   Number         0  entry11b.o ABSOLUTE
    ../clib/microlib/init/entry.s            0x00000000   Number         0  entry9a.o ABSOLUTE
    ../clib/microlib/init/entry.s            0x00000000   Number         0  entry2.o ABSOLUTE
    ../clib/microlib/longlong.c              0x00000000   Number         0  llushr.o ABSOLUTE
    ../clib/microlib/longlong.c              0x00000000   Number         0  llshl.o ABSOLUTE
    ../clib/microlib/longlong.c              0x00000000   Number         0  llsshr.o ABSOLUTE
    ../clib/microlib/printf/printf.c         0x00000000   Number         0  printf7.o ABSOLUTE
    ../clib/microlib/printf/printf.c         0x00000000   Number         0  printf5.o ABSOLUTE
    ../clib/microlib/printf/printf.c         0x00000000   Number         0  printf4.o ABSOLUTE
    ../clib/microlib/printf/printf.c         0x00000000   Number         0  printf3.o ABSOLUTE
    ../clib/microlib/printf/printf.c         0x00000000   Number         0  printf2.o ABSOLUTE
    ../clib/microlib/printf/printf.c         0x00000000   Number         0  printfb.o ABSOLUTE
    ../clib/microlib/printf/printf.c         0x00000000   Number         0  printf6.o ABSOLUTE
    ../clib/microlib/printf/printf.c         0x00000000   Number         0  printfa.o ABSOLUTE
    ../clib/microlib/printf/printf.c         0x00000000   Number         0  printf0.o ABSOLUTE
    ../clib/microlib/printf/printf.c         0x00000000   Number         0  printf1.o ABSOLUTE
    ../clib/microlib/printf/printf.c         0x00000000   Number         0  printf8.o ABSOLUTE
    ../clib/microlib/printf/stubs.s          0x00000000   Number         0  stubs.o ABSOLUTE
    ../clib/microlib/stdio/streams.c         0x00000000   Number         0  stdout.o ABSOLUTE
    ../clib/microlib/string/memset.c         0x00000000   Number         0  memseta.o ABSOLUTE
    ../clib/microlib/stubs.s                 0x00000000   Number         0  iusefp.o ABSOLUTE
    ../fplib/microlib/d2f.c                  0x00000000   Number         0  d2f.o ABSOLUTE
    ../fplib/microlib/f2d.c                  0x00000000   Number         0  f2d.o ABSOLUTE
    ../fplib/microlib/fpadd.c                0x00000000   Number         0  fadd.o ABSOLUTE
    ../fplib/microlib/fpadd.c                0x00000000   Number         0  dadd.o ABSOLUTE
    ../fplib/microlib/fpdiv.c                0x00000000   Number         0  ddiv.o ABSOLUTE
    ../fplib/microlib/fpdiv.c                0x00000000   Number         0  fdiv.o ABSOLUTE
    ../fplib/microlib/fpepilogue.c           0x00000000   Number         0  fepilogue.o ABSOLUTE
    ../fplib/microlib/fpepilogue.c           0x00000000   Number         0  depilogue.o ABSOLUTE
    ../fplib/microlib/fpfix.c                0x00000000   Number         0  ffixui.o ABSOLUTE
    ../fplib/microlib/fpfix.c                0x00000000   Number         0  dfixul.o ABSOLUTE
    ../fplib/microlib/fpflt.c                0x00000000   Number         0  fflti.o ABSOLUTE
    ../fplib/microlib/fpflt.c                0x00000000   Number         0  ffltui.o ABSOLUTE
    ../fplib/microlib/fpflt.c                0x00000000   Number         0  dflti.o ABSOLUTE
    ../fplib/microlib/fpflt.c                0x00000000   Number         0  dfltui.o ABSOLUTE
    ../fplib/microlib/fpmul.c                0x00000000   Number         0  fmul.o ABSOLUTE
    ../fplib/microlib/fpmul.c                0x00000000   Number         0  dmul.o ABSOLUTE
    ../fplib/microlib/fpscalb.c              0x00000000   Number         0  fscalb.o ABSOLUTE
    ..\Drivers\STM32F1xx_HAL_Driver\Src\stm32f1xx_hal.c 0x00000000   Number         0  stm32f1xx_hal.o ABSOLUTE
    ..\Drivers\STM32F1xx_HAL_Driver\Src\stm32f1xx_hal_cortex.c 0x00000000   Number         0  stm32f1xx_hal_cortex.o ABSOLUTE
    ..\Drivers\STM32F1xx_HAL_Driver\Src\stm32f1xx_hal_dma.c 0x00000000   Number         0  stm32f1xx_hal_dma.o ABSOLUTE
    ..\Drivers\STM32F1xx_HAL_Driver\Src\stm32f1xx_hal_exti.c 0x00000000   Number         0  stm32f1xx_hal_exti.o ABSOLUTE
    ..\Drivers\STM32F1xx_HAL_Driver\Src\stm32f1xx_hal_flash.c 0x00000000   Number         0  stm32f1xx_hal_flash.o ABSOLUTE
    ..\Drivers\STM32F1xx_HAL_Driver\Src\stm32f1xx_hal_flash_ex.c 0x00000000   Number         0  stm32f1xx_hal_flash_ex.o ABSOLUTE
    ..\Drivers\STM32F1xx_HAL_Driver\Src\stm32f1xx_hal_gpio.c 0x00000000   Number         0  stm32f1xx_hal_gpio.o ABSOLUTE
    ..\Drivers\STM32F1xx_HAL_Driver\Src\stm32f1xx_hal_gpio_ex.c 0x00000000   Number         0  stm32f1xx_hal_gpio_ex.o ABSOLUTE
    ..\Drivers\STM32F1xx_HAL_Driver\Src\stm32f1xx_hal_i2c.c 0x00000000   Number         0  stm32f1xx_hal_i2c.o ABSOLUTE
    ..\Drivers\STM32F1xx_HAL_Driver\Src\stm32f1xx_hal_pwr.c 0x00000000   Number         0  stm32f1xx_hal_pwr.o ABSOLUTE
    ..\Drivers\STM32F1xx_HAL_Driver\Src\stm32f1xx_hal_rcc.c 0x00000000   Number         0  stm32f1xx_hal_rcc.o ABSOLUTE
    ..\Drivers\STM32F1xx_HAL_Driver\Src\stm32f1xx_hal_rcc_ex.c 0x00000000   Number         0  stm32f1xx_hal_rcc_ex.o ABSOLUTE
    ..\Drivers\STM32F1xx_HAL_Driver\Src\stm32f1xx_hal_spi.c 0x00000000   Number         0  stm32f1xx_hal_spi.o ABSOLUTE
    ..\Drivers\STM32F1xx_HAL_Driver\Src\stm32f1xx_hal_tim.c 0x00000000   Number         0  stm32f1xx_hal_tim.o ABSOLUTE
    ..\Drivers\STM32F1xx_HAL_Driver\Src\stm32f1xx_hal_tim_ex.c 0x00000000   Number         0  stm32f1xx_hal_tim_ex.o ABSOLUTE
    ..\Drivers\STM32F1xx_HAL_Driver\Src\stm32f1xx_hal_uart.c 0x00000000   Number         0  stm32f1xx_hal_uart.o ABSOLUTE
    ..\Src\RC522.c                           0x00000000   Number         0  rc522.o ABSOLUTE
    ..\Src\cmd_queue.c                       0x00000000   Number         0  cmd_queue.o ABSOLUTE
    ..\Src\dma.c                             0x00000000   Number         0  dma.o ABSOLUTE
    ..\Src\flash.c                           0x00000000   Number         0  flash.o ABSOLUTE
    ..\Src\gpio.c                            0x00000000   Number         0  gpio.o ABSOLUTE
    ..\Src\hmi_driver.c                      0x00000000   Number         0  hmi_driver.o ABSOLUTE
    ..\Src\hmi_process.c                     0x00000000   Number         0  hmi_process.o ABSOLUTE
    ..\Src\honewell.c                        0x00000000   Number         0  honewell.o ABSOLUTE
    ..\Src\i2c.c                             0x00000000   Number         0  i2c.o ABSOLUTE
    ..\Src\lgd_cmd.c                         0x00000000   Number         0  lgd_cmd.o ABSOLUTE
    ..\Src\main.c                            0x00000000   Number         0  main.o ABSOLUTE
    ..\Src\spi.c                             0x00000000   Number         0  spi.o ABSOLUTE
    ..\Src\stm32f1xx_hal_msp.c               0x00000000   Number         0  stm32f1xx_hal_msp.o ABSOLUTE
    ..\Src\stm32f1xx_it.c                    0x00000000   Number         0  stm32f1xx_it.o ABSOLUTE
    ..\Src\system_stm32f1xx.c                0x00000000   Number         0  system_stm32f1xx.o ABSOLUTE
    ..\Src\usart.c                           0x00000000   Number         0  usart.o ABSOLUTE
    ..\\Src\\RC522.c                         0x00000000   Number         0  rc522.o ABSOLUTE
    ..\\Src\\cmd_queue.c                     0x00000000   Number         0  cmd_queue.o ABSOLUTE
    ..\\Src\\flash.c                         0x00000000   Number         0  flash.o ABSOLUTE
    ..\\Src\\hmi_driver.c                    0x00000000   Number         0  hmi_driver.o ABSOLUTE
    ..\\Src\\hmi_process.c                   0x00000000   Number         0  hmi_process.o ABSOLUTE
    ..\\Src\\honewell.c                      0x00000000   Number         0  honewell.o ABSOLUTE
    ..\\Src\\lgd_cmd.c                       0x00000000   Number         0  lgd_cmd.o ABSOLUTE
    cdrcmple.s                               0x00000000   Number         0  cdrcmple.o ABSOLUTE
    dc.s                                     0x00000000   Number         0  dc.o ABSOLUTE
    handlers.s                               0x00000000   Number         0  handlers.o ABSOLUTE
    init.s                                   0x00000000   Number         0  init.o ABSOLUTE
    startup_stm32f103xb.s                    0x00000000   Number         0  startup_stm32f103xb.o ABSOLUTE
    RESET                                    0x08000000   Section      236  startup_stm32f103xb.o(RESET)
    .ARM.Collect$$$$00000000                 0x080000ec   Section        0  entry.o(.ARM.Collect$$$$00000000)
    .ARM.Collect$$$$00000001                 0x080000ec   Section        4  entry2.o(.ARM.Collect$$$$00000001)
    .ARM.Collect$$$$00000004                 0x080000f0   Section        4  entry5.o(.ARM.Collect$$$$00000004)
    .ARM.Collect$$$$00000008                 0x080000f4   Section        0  entry7b.o(.ARM.Collect$$$$00000008)
    .ARM.Collect$$$$0000000A                 0x080000f4   Section        0  entry8b.o(.ARM.Collect$$$$0000000A)
    .ARM.Collect$$$$0000000B                 0x080000f4   Section        8  entry9a.o(.ARM.Collect$$$$0000000B)
    .ARM.Collect$$$$0000000D                 0x080000fc   Section        0  entry10a.o(.ARM.Collect$$$$0000000D)
    .ARM.Collect$$$$0000000F                 0x080000fc   Section        0  entry11a.o(.ARM.Collect$$$$0000000F)
    .ARM.Collect$$$$00002712                 0x080000fc   Section        4  entry2.o(.ARM.Collect$$$$00002712)
    __lit__00000000                          0x080000fc   Data           4  entry2.o(.ARM.Collect$$$$00002712)
    .text                                    0x08000100   Section       36  startup_stm32f103xb.o(.text)
    .text                                    0x08000124   Section        0  llushr.o(.text)
    .text                                    0x08000144   Section        0  memseta.o(.text)
    .text                                    0x08000168   Section        0  fadd.o(.text)
    .text                                    0x08000218   Section        0  fmul.o(.text)
    .text                                    0x0800027c   Section        0  fdiv.o(.text)
    .text                                    0x080002f8   Section        0  dadd.o(.text)
    .text                                    0x08000446   Section        0  dmul.o(.text)
    .text                                    0x0800052a   Section        0  ddiv.o(.text)
    .text                                    0x08000608   Section        0  fflti.o(.text)
    .text                                    0x0800061a   Section        0  ffltui.o(.text)
    .text                                    0x08000624   Section        0  dflti.o(.text)
    .text                                    0x08000646   Section        0  dfltui.o(.text)
    .text                                    0x08000660   Section        0  ffixui.o(.text)
    .text                                    0x08000688   Section        0  f2d.o(.text)
    .text                                    0x080006ae   Section        0  d2f.o(.text)
    .text                                    0x080006e6   Section        0  uidiv.o(.text)
    .text                                    0x08000712   Section        0  uldiv.o(.text)
    .text                                    0x08000774   Section        0  llshl.o(.text)
    .text                                    0x08000792   Section        0  llsshr.o(.text)
    .text                                    0x080007b6   Section        0  fepilogue.o(.text)
    .text                                    0x080007b6   Section        0  iusefp.o(.text)
    .text                                    0x08000824   Section        0  depilogue.o(.text)
    .text                                    0x080008de   Section        0  dfixul.o(.text)
    .text                                    0x08000910   Section       48  cdrcmple.o(.text)
    .text                                    0x08000940   Section       36  init.o(.text)
    i.BusFault_Handler                       0x08000964   Section        0  stm32f1xx_it.o(i.BusFault_Handler)
    i.Calculate                              0x08000968   Section        0  flash.o(i.Calculate)
    i.CalulateCRC                            0x08000a10   Section        0  rc522.o(i.CalulateCRC)
    i.ClearBitMask                           0x08000a76   Section        0  rc522.o(i.ClearBitMask)
    i.Cmd_ProcessMessage                     0x08000a8e   Section        0  hmi_process.o(i.Cmd_ProcessMessage)
    i.DMA1_Channel3_IRQHandler               0x08000b0c   Section        0  stm32f1xx_it.o(i.DMA1_Channel3_IRQHandler)
    i.DMA1_Channel5_IRQHandler               0x08000b18   Section        0  stm32f1xx_it.o(i.DMA1_Channel5_IRQHandler)
    i.DMA1_Channel6_IRQHandler               0x08000b24   Section        0  stm32f1xx_it.o(i.DMA1_Channel6_IRQHandler)
    i.DMA_SetConfig                          0x08000b30   Section        0  stm32f1xx_hal_dma.o(i.DMA_SetConfig)
    DMA_SetConfig                            0x08000b31   Thumb Code    42  stm32f1xx_hal_dma.o(i.DMA_SetConfig)
    i.DebugMon_Handler                       0x08000b5a   Section        0  stm32f1xx_it.o(i.DebugMon_Handler)
    i.Error_Handler                          0x08000b5c   Section        0  main.o(i.Error_Handler)
    i.FLASH_MassErase                        0x08000b60   Section        0  stm32f1xx_hal_flash_ex.o(i.FLASH_MassErase)
    FLASH_MassErase                          0x08000b61   Thumb Code    26  stm32f1xx_hal_flash_ex.o(i.FLASH_MassErase)
    i.FLASH_PageErase                        0x08000b84   Section        0  stm32f1xx_hal_flash_ex.o(i.FLASH_PageErase)
    i.FLASH_Program_HalfWord                 0x08000ba8   Section        0  stm32f1xx_hal_flash.o(i.FLASH_Program_HalfWord)
    FLASH_Program_HalfWord                   0x08000ba9   Thumb Code    20  stm32f1xx_hal_flash.o(i.FLASH_Program_HalfWord)
    i.FLASH_SetErrorCode                     0x08000bc4   Section        0  stm32f1xx_hal_flash.o(i.FLASH_SetErrorCode)
    FLASH_SetErrorCode                       0x08000bc5   Thumb Code    84  stm32f1xx_hal_flash.o(i.FLASH_SetErrorCode)
    i.FLASH_WaitForLastOperation             0x08000c20   Section        0  stm32f1xx_hal_flash.o(i.FLASH_WaitForLastOperation)
    i.HAL_DMA_Abort                          0x08000c74   Section        0  stm32f1xx_hal_dma.o(i.HAL_DMA_Abort)
    i.HAL_DMA_Abort_IT                       0x08000cbc   Section        0  stm32f1xx_hal_dma.o(i.HAL_DMA_Abort_IT)
    i.HAL_DMA_IRQHandler                     0x08000d54   Section        0  stm32f1xx_hal_dma.o(i.HAL_DMA_IRQHandler)
    i.HAL_DMA_Init                           0x08000ea8   Section        0  stm32f1xx_hal_dma.o(i.HAL_DMA_Init)
    i.HAL_DMA_Start_IT                       0x08000f04   Section        0  stm32f1xx_hal_dma.o(i.HAL_DMA_Start_IT)
    i.HAL_Delay                              0x08000f74   Section        0  stm32f1xx_hal.o(i.HAL_Delay)
    i.HAL_FLASHEx_Erase                      0x08000f98   Section        0  stm32f1xx_hal_flash_ex.o(i.HAL_FLASHEx_Erase)
    i.HAL_FLASH_Lock                         0x08001040   Section        0  stm32f1xx_hal_flash.o(i.HAL_FLASH_Lock)
    i.HAL_FLASH_Program                      0x08001054   Section        0  stm32f1xx_hal_flash.o(i.HAL_FLASH_Program)
    i.HAL_FLASH_Unlock                       0x080010d4   Section        0  stm32f1xx_hal_flash.o(i.HAL_FLASH_Unlock)
    i.HAL_GPIO_Init                          0x080010fc   Section        0  stm32f1xx_hal_gpio.o(i.HAL_GPIO_Init)
    i.HAL_GPIO_WritePin                      0x080012dc   Section        0  stm32f1xx_hal_gpio.o(i.HAL_GPIO_WritePin)
    i.HAL_GetTick                            0x080012e8   Section        0  stm32f1xx_hal.o(i.HAL_GetTick)
    i.HAL_I2C_Init                           0x080012f4   Section        0  stm32f1xx_hal_i2c.o(i.HAL_I2C_Init)
    i.HAL_I2C_MspInit                        0x08001468   Section        0  i2c.o(i.HAL_I2C_MspInit)
    i.HAL_IncTick                            0x080014c4   Section        0  stm32f1xx_hal.o(i.HAL_IncTick)
    i.HAL_Init                               0x080014d4   Section        0  stm32f1xx_hal.o(i.HAL_Init)
    i.HAL_InitTick                           0x080014f8   Section        0  stm32f1xx_hal.o(i.HAL_InitTick)
    i.HAL_MspInit                            0x08001538   Section        0  stm32f1xx_hal_msp.o(i.HAL_MspInit)
    i.HAL_NVIC_EnableIRQ                     0x08001574   Section        0  stm32f1xx_hal_cortex.o(i.HAL_NVIC_EnableIRQ)
    i.HAL_NVIC_SetPriority                   0x08001590   Section        0  stm32f1xx_hal_cortex.o(i.HAL_NVIC_SetPriority)
    i.HAL_NVIC_SetPriorityGrouping           0x080015d0   Section        0  stm32f1xx_hal_cortex.o(i.HAL_NVIC_SetPriorityGrouping)
    i.HAL_RCC_ClockConfig                    0x080015f4   Section        0  stm32f1xx_hal_rcc.o(i.HAL_RCC_ClockConfig)
    i.HAL_RCC_GetPCLK1Freq                   0x08001720   Section        0  stm32f1xx_hal_rcc.o(i.HAL_RCC_GetPCLK1Freq)
    i.HAL_RCC_GetPCLK2Freq                   0x08001740   Section        0  stm32f1xx_hal_rcc.o(i.HAL_RCC_GetPCLK2Freq)
    i.HAL_RCC_GetSysClockFreq                0x08001760   Section        0  stm32f1xx_hal_rcc.o(i.HAL_RCC_GetSysClockFreq)
    i.HAL_RCC_OscConfig                      0x080017cc   Section        0  stm32f1xx_hal_rcc.o(i.HAL_RCC_OscConfig)
    i.HAL_SPI_Init                           0x08001aec   Section        0  stm32f1xx_hal_spi.o(i.HAL_SPI_Init)
    i.HAL_SPI_MspInit                        0x08001b68   Section        0  spi.o(i.HAL_SPI_MspInit)
    i.HAL_SPI_Receive                        0x08001bd8   Section        0  stm32f1xx_hal_spi.o(i.HAL_SPI_Receive)
    i.HAL_SPI_Transmit                       0x08001d28   Section        0  stm32f1xx_hal_spi.o(i.HAL_SPI_Transmit)
    i.HAL_SPI_TransmitReceive                0x08001e84   Section        0  stm32f1xx_hal_spi.o(i.HAL_SPI_TransmitReceive)
    i.HAL_SYSTICK_Config                     0x08002066   Section        0  stm32f1xx_hal_cortex.o(i.HAL_SYSTICK_Config)
    i.HAL_UART_DMAStop                       0x0800208e   Section        0  stm32f1xx_hal_uart.o(i.HAL_UART_DMAStop)
    i.HAL_UART_ErrorCallback                 0x080020e6   Section        0  stm32f1xx_hal_uart.o(i.HAL_UART_ErrorCallback)
    i.HAL_UART_IRQHandler                    0x080020e8   Section        0  stm32f1xx_hal_uart.o(i.HAL_UART_IRQHandler)
    i.HAL_UART_Init                          0x080021f8   Section        0  stm32f1xx_hal_uart.o(i.HAL_UART_Init)
    i.HAL_UART_MspInit                       0x0800225c   Section        0  usart.o(i.HAL_UART_MspInit)
    i.HAL_UART_Receive_DMA                   0x08002418   Section        0  stm32f1xx_hal_uart.o(i.HAL_UART_Receive_DMA)
    i.HAL_UART_RxCpltCallback                0x080024b0   Section        0  stm32f1xx_hal_uart.o(i.HAL_UART_RxCpltCallback)
    i.HAL_UART_RxHalfCpltCallback            0x080024b2   Section        0  stm32f1xx_hal_uart.o(i.HAL_UART_RxHalfCpltCallback)
    i.HAL_UART_Transmit                      0x080024b4   Section        0  stm32f1xx_hal_uart.o(i.HAL_UART_Transmit)
    i.HAL_UART_TxCpltCallback                0x0800256e   Section        0  stm32f1xx_hal_uart.o(i.HAL_UART_TxCpltCallback)
    i.HardFault_Handler                      0x08002570   Section        0  stm32f1xx_it.o(i.HardFault_Handler)
    i.MX_DMA_Init                            0x08002574   Section        0  dma.o(i.MX_DMA_Init)
    i.MX_GPIO_Init                           0x080025c0   Section        0  gpio.o(i.MX_GPIO_Init)
    i.MX_I2C1_Init                           0x08002644   Section        0  i2c.o(i.MX_I2C1_Init)
    i.MX_SPI1_Init                           0x08002684   Section        0  spi.o(i.MX_SPI1_Init)
    i.MX_USART1_UART_Init                    0x080026cc   Section        0  usart.o(i.MX_USART1_UART_Init)
    i.MX_USART2_UART_Init                    0x08002704   Section        0  usart.o(i.MX_USART2_UART_Init)
    i.MX_USART3_UART_Init                    0x0800273c   Section        0  usart.o(i.MX_USART3_UART_Init)
    i.MemManage_Handler                      0x08002774   Section        0  stm32f1xx_it.o(i.MemManage_Handler)
    i.NMI_Handler                            0x08002776   Section        0  stm32f1xx_it.o(i.NMI_Handler)
    i.NotifyButton1                          0x08002778   Section        0  hmi_process.o(i.NotifyButton1)
    i.NotifyScreen                           0x080027bc   Section        0  hmi_process.o(i.NotifyScreen)
    i.NotifyText                             0x080027c8   Section        0  hmi_process.o(i.NotifyText)
    i.PcdAntennaOff                          0x080027e4   Section        0  rc522.o(i.PcdAntennaOff)
    i.PcdAntennaOn                           0x080027ec   Section        0  rc522.o(i.PcdAntennaOn)
    i.PcdAnticoll                            0x08002806   Section        0  rc522.o(i.PcdAnticoll)
    i.PcdAuthState                           0x08002870   Section        0  rc522.o(i.PcdAuthState)
    i.PcdComMF522                            0x080028c2   Section        0  rc522.o(i.PcdComMF522)
    i.PcdHalt                                0x080029d8   Section        0  rc522.o(i.PcdHalt)
    i.PcdRequest                             0x08002a0a   Section        0  rc522.o(i.PcdRequest)
    i.PcdReset                               0x08002a5c   Section        0  rc522.o(i.PcdReset)
    i.PcdSelect                              0x08002ae8   Section        0  rc522.o(i.PcdSelect)
    i.PendSV_Handler                         0x08002b4a   Section        0  stm32f1xx_it.o(i.PendSV_Handler)
    i.ReadRawRC                              0x08002b4c   Section        0  rc522.o(i.ReadRawRC)
    i.SPI_EndRxTransaction                   0x08002ba4   Section        0  stm32f1xx_hal_spi.o(i.SPI_EndRxTransaction)
    SPI_EndRxTransaction                     0x08002ba5   Thumb Code    92  stm32f1xx_hal_spi.o(i.SPI_EndRxTransaction)
    i.SPI_EndRxTxTransaction                 0x08002c00   Section        0  stm32f1xx_hal_spi.o(i.SPI_EndRxTxTransaction)
    SPI_EndRxTxTransaction                   0x08002c01   Thumb Code    32  stm32f1xx_hal_spi.o(i.SPI_EndRxTxTransaction)
    i.SPI_WaitFlagStateUntilTimeout          0x08002c20   Section        0  stm32f1xx_hal_spi.o(i.SPI_WaitFlagStateUntilTimeout)
    SPI_WaitFlagStateUntilTimeout            0x08002c21   Thumb Code   148  stm32f1xx_hal_spi.o(i.SPI_WaitFlagStateUntilTimeout)
    i.SVC_Handler                            0x08002cb4   Section        0  stm32f1xx_it.o(i.SVC_Handler)
    i.SendChar                               0x08002cb8   Section        0  usart.o(i.SendChar)
    i.SendStrings                            0x08002ccc   Section        0  hmi_driver.o(i.SendStrings)
    i.SetBitMask                             0x08002ce2   Section        0  rc522.o(i.SetBitMask)
    i.SetScreen                              0x08002cfa   Section        0  hmi_driver.o(i.SetScreen)
    i.SetTextValue                           0x08002d38   Section        0  hmi_driver.o(i.SetTextValue)
    i.SetTextValueFloat1                     0x08002d8c   Section        0  hmi_driver.o(i.SetTextValueFloat1)
    i.SysTick_Handler                        0x08002dc0   Section        0  stm32f1xx_it.o(i.SysTick_Handler)
    i.SystemClock_Config                     0x08002dc4   Section        0  main.o(i.SystemClock_Config)
    i.SystemInit                             0x08002e10   Section        0  system_stm32f1xx.o(i.SystemInit)
    i.UART_DMAAbortOnError                   0x08002e58   Section        0  stm32f1xx_hal_uart.o(i.UART_DMAAbortOnError)
    UART_DMAAbortOnError                     0x08002e59   Thumb Code    16  stm32f1xx_hal_uart.o(i.UART_DMAAbortOnError)
    i.UART_DMAError                          0x08002e68   Section        0  stm32f1xx_hal_uart.o(i.UART_DMAError)
    UART_DMAError                            0x08002e69   Thumb Code    74  stm32f1xx_hal_uart.o(i.UART_DMAError)
    i.UART_DMAReceiveCplt                    0x08002eb2   Section        0  stm32f1xx_hal_uart.o(i.UART_DMAReceiveCplt)
    UART_DMAReceiveCplt                      0x08002eb3   Thumb Code    60  stm32f1xx_hal_uart.o(i.UART_DMAReceiveCplt)
    i.UART_DMARxHalfCplt                     0x08002eee   Section        0  stm32f1xx_hal_uart.o(i.UART_DMARxHalfCplt)
    UART_DMARxHalfCplt                       0x08002eef   Thumb Code    10  stm32f1xx_hal_uart.o(i.UART_DMARxHalfCplt)
    i.UART_EndRxTransfer                     0x08002ef8   Section        0  stm32f1xx_hal_uart.o(i.UART_EndRxTransfer)
    UART_EndRxTransfer                       0x08002ef9   Thumb Code    28  stm32f1xx_hal_uart.o(i.UART_EndRxTransfer)
    i.UART_EndTxTransfer                     0x08002f14   Section        0  stm32f1xx_hal_uart.o(i.UART_EndTxTransfer)
    UART_EndTxTransfer                       0x08002f15   Thumb Code    18  stm32f1xx_hal_uart.o(i.UART_EndTxTransfer)
    i.UART_Receive_IT                        0x08002f26   Section        0  stm32f1xx_hal_uart.o(i.UART_Receive_IT)
    UART_Receive_IT                          0x08002f27   Thumb Code   150  stm32f1xx_hal_uart.o(i.UART_Receive_IT)
    i.UART_SetConfig                         0x08002fbc   Section        0  stm32f1xx_hal_uart.o(i.UART_SetConfig)
    UART_SetConfig                           0x08002fbd   Thumb Code   178  stm32f1xx_hal_uart.o(i.UART_SetConfig)
    i.UART_Transmit_IT                       0x08003074   Section        0  stm32f1xx_hal_uart.o(i.UART_Transmit_IT)
    UART_Transmit_IT                         0x08003075   Thumb Code    98  stm32f1xx_hal_uart.o(i.UART_Transmit_IT)
    i.UART_WaitOnFlagUntilTimeout            0x080030d6   Section        0  stm32f1xx_hal_uart.o(i.UART_WaitOnFlagUntilTimeout)
    UART_WaitOnFlagUntilTimeout              0x080030d7   Thumb Code   100  stm32f1xx_hal_uart.o(i.UART_WaitOnFlagUntilTimeout)
    i.USART1_IRQHandler                      0x0800313c   Section        0  stm32f1xx_it.o(i.USART1_IRQHandler)
    i.USART2_IRQHandler                      0x08003184   Section        0  stm32f1xx_it.o(i.USART2_IRQHandler)
    i.USART3_IRQHandler                      0x080031cc   Section        0  stm32f1xx_it.o(i.USART3_IRQHandler)
    i.UsageFault_Handler                     0x08003214   Section        0  stm32f1xx_it.o(i.UsageFault_Handler)
    i.Usart1_Process                         0x08003218   Section        0  hmi_process.o(i.Usart1_Process)
    i.Usart2_Process                         0x08003294   Section        0  lgd_cmd.o(i.Usart2_Process)
    i.Usart3_Process                         0x08003358   Section        0  lgd_cmd.o(i.Usart3_Process)
    i.WriteRawRC                             0x0800341c   Section        0  rc522.o(i.WriteRawRC)
    i.__0printf                              0x08003464   Section        0  printfa.o(i.__0printf)
    i.__0sprintf                             0x08003484   Section        0  printfa.o(i.__0sprintf)
    i.__NVIC_SetPriority                     0x080034ac   Section        0  stm32f1xx_hal_cortex.o(i.__NVIC_SetPriority)
    __NVIC_SetPriority                       0x080034ad   Thumb Code    32  stm32f1xx_hal_cortex.o(i.__NVIC_SetPriority)
    i.__scatterload_copy                     0x080034cc   Section       14  handlers.o(i.__scatterload_copy)
    i.__scatterload_null                     0x080034da   Section        2  handlers.o(i.__scatterload_null)
    i.__scatterload_zeroinit                 0x080034dc   Section       14  handlers.o(i.__scatterload_zeroinit)
    i._fp_digits                             0x080034ec   Section        0  printfa.o(i._fp_digits)
    _fp_digits                               0x080034ed   Thumb Code   366  printfa.o(i._fp_digits)
    i._printf_core                           0x08003670   Section        0  printfa.o(i._printf_core)
    _printf_core                             0x08003671   Thumb Code  1744  printfa.o(i._printf_core)
    i._printf_post_padding                   0x08003d4c   Section        0  printfa.o(i._printf_post_padding)
    _printf_post_padding                     0x08003d4d   Thumb Code    36  printfa.o(i._printf_post_padding)
    i._printf_pre_padding                    0x08003d70   Section        0  printfa.o(i._printf_pre_padding)
    _printf_pre_padding                      0x08003d71   Thumb Code    46  printfa.o(i._printf_pre_padding)
    i._sputc                                 0x08003d9e   Section        0  printfa.o(i._sputc)
    _sputc                                   0x08003d9f   Thumb Code    10  printfa.o(i._sputc)
    i.fputc                                  0x08003da8   Section        0  usart.o(i.fputc)
    i.main                                   0x08003dc0   Section        0  main.o(i.main)
    i.queue_find_cmd                         0x080040ac   Section        0  cmd_queue.o(i.queue_find_cmd)
    i.queue_push                             0x08004124   Section        0  cmd_queue.o(i.queue_push)
    i.queue_reset                            0x08004144   Section        0  cmd_queue.o(i.queue_reset)
    i.store_value                            0x0800415c   Section        0  flash.o(i.store_value)
    i.string_to_float                        0x08004208   Section        0  hmi_driver.o(i.string_to_float)
    i.writeFlash                             0x080042f0   Section        0  flash.o(i.writeFlash)
    .constdata                               0x08004334   Section       16  system_stm32f1xx.o(.constdata)
    .constdata                               0x08004344   Section        8  system_stm32f1xx.o(.constdata)
    .data                                    0x20000000   Section        2  hmi_process.o(.data)
    .data                                    0x20000004   Section        8  cmd_queue.o(.data)
    cmd_pos                                  0x20000004   Data           2  cmd_queue.o(.data)
    cmd_state                                0x20000008   Data           4  cmd_queue.o(.data)
    .data                                    0x2000000c   Section       12  lgd_cmd.o(.data)
    .data                                    0x20000018   Section       60  flash.o(.data)
    .data                                    0x20000054   Section        1  main.o(.data)
    .data                                    0x20000055   Section       13  main.o(.data)
    .data                                    0x20000062   Section        1  usart.o(.data)
    .data                                    0x20000063   Section        1  usart.o(.data)
    .data                                    0x20000064   Section        1  usart.o(.data)
    .data                                    0x20000065   Section        1  usart.o(.data)
    .data                                    0x20000066   Section        1  usart.o(.data)
    .data                                    0x20000067   Section        1  usart.o(.data)
    .data                                    0x20000068   Section       12  stm32f1xx_hal.o(.data)
    .data                                    0x20000074   Section        4  system_stm32f1xx.o(.data)
    .data                                    0x20000078   Section        4  stdout.o(.data)
    .bss                                     0x2000007c   Section      516  cmd_queue.o(.bss)
    que                                      0x2000007c   Data         516  cmd_queue.o(.bss)
    .bss                                     0x20000280   Section      200  flash.o(.bss)
    .bss                                     0x20000348   Section       84  i2c.o(.bss)
    .bss                                     0x2000039c   Section       88  spi.o(.bss)
    .bss                                     0x200003f4   Section      100  usart.o(.bss)
    .bss                                     0x20000458   Section      100  usart.o(.bss)
    .bss                                     0x200004bc   Section      100  usart.o(.bss)
    .bss                                     0x20000520   Section      396  usart.o(.bss)
    .bss                                     0x200006b0   Section       32  stm32f1xx_hal_flash.o(.bss)
    STACK                                    0x200006d0   Section     1024  startup_stm32f103xb.o(STACK)

    Global Symbols

    Symbol Name                              Value     Ov Type        Size  Object(Section)

    BuildAttributes$$THM_ISAv4$P$D$K$B$S$PE$A:L22UL41UL21$X:L11$S22US41US21$IEEE1$IW$USESV6$~STKCKD$USESV7$~SHL$OTIME$ROPI$EBA8$MICROLIB$REQ8$PRES8$EABIv2 0x00000000   Number         0  anon$$obj.o ABSOLUTE
    __ARM_use_no_argv                        0x00000000   Number         0  main.o ABSOLUTE
    _printf_a                                0x00000000   Number         0  stubs.o ABSOLUTE
    _printf_c                                0x00000000   Number         0  stubs.o ABSOLUTE
    _printf_charcount                        0x00000000   Number         0  stubs.o ABSOLUTE
    _printf_d                                0x00000000   Number         0  stubs.o ABSOLUTE
    _printf_e                                0x00000000   Number         0  stubs.o ABSOLUTE
    _printf_f                                0x00000000   Number         0  stubs.o ABSOLUTE
    _printf_flags                            0x00000000   Number         0  stubs.o ABSOLUTE
    _printf_fp_dec                           0x00000000   Number         0  stubs.o ABSOLUTE
    _printf_fp_hex                           0x00000000   Number         0  stubs.o ABSOLUTE
    _printf_g                                0x00000000   Number         0  stubs.o ABSOLUTE
    _printf_i                                0x00000000   Number         0  stubs.o ABSOLUTE
    _printf_int_dec                          0x00000000   Number         0  stubs.o ABSOLUTE
    _printf_l                                0x00000000   Number         0  stubs.o ABSOLUTE
    _printf_lc                               0x00000000   Number         0  stubs.o ABSOLUTE
    _printf_ll                               0x00000000   Number         0  stubs.o ABSOLUTE
    _printf_lld                              0x00000000   Number         0  stubs.o ABSOLUTE
    _printf_lli                              0x00000000   Number         0  stubs.o ABSOLUTE
    _printf_llo                              0x00000000   Number         0  stubs.o ABSOLUTE
    _printf_llu                              0x00000000   Number         0  stubs.o ABSOLUTE
    _printf_llx                              0x00000000   Number         0  stubs.o ABSOLUTE
    _printf_longlong_dec                     0x00000000   Number         0  stubs.o ABSOLUTE
    _printf_longlong_hex                     0x00000000   Number         0  stubs.o ABSOLUTE
    _printf_longlong_oct                     0x00000000   Number         0  stubs.o ABSOLUTE
    _printf_ls                               0x00000000   Number         0  stubs.o ABSOLUTE
    _printf_mbtowc                           0x00000000   Number         0  stubs.o ABSOLUTE
    _printf_n                                0x00000000   Number         0  stubs.o ABSOLUTE
    _printf_o                                0x00000000   Number         0  stubs.o ABSOLUTE
    _printf_p                                0x00000000   Number         0  stubs.o ABSOLUTE
    _printf_percent                          0x00000000   Number         0  stubs.o ABSOLUTE
    _printf_pre_padding                      0x00000000   Number         0  stubs.o ABSOLUTE
    _printf_return_value                     0x00000000   Number         0  stubs.o ABSOLUTE
    _printf_s                                0x00000000   Number         0  stubs.o ABSOLUTE
    _printf_sizespec                         0x00000000   Number         0  stubs.o ABSOLUTE
    _printf_str                              0x00000000   Number         0  stubs.o ABSOLUTE
    _printf_truncate_signed                  0x00000000   Number         0  stubs.o ABSOLUTE
    _printf_truncate_unsigned                0x00000000   Number         0  stubs.o ABSOLUTE
    _printf_u                                0x00000000   Number         0  stubs.o ABSOLUTE
    _printf_wc                               0x00000000   Number         0  stubs.o ABSOLUTE
    _printf_wctomb                           0x00000000   Number         0  stubs.o ABSOLUTE
    _printf_widthprec                        0x00000000   Number         0  stubs.o ABSOLUTE
    _printf_x                                0x00000000   Number         0  stubs.o ABSOLUTE
    __cpp_initialize__aeabi_                  - Undefined Weak Reference
    __cxa_finalize                            - Undefined Weak Reference
    __decompress                              - Undefined Weak Reference
    _clock_init                               - Undefined Weak Reference
    _microlib_exit                            - Undefined Weak Reference
    __Vectors_Size                           0x000000ec   Number         0  startup_stm32f103xb.o ABSOLUTE
    __Vectors                                0x08000000   Data           4  startup_stm32f103xb.o(RESET)
    __Vectors_End                            0x080000ec   Data           0  startup_stm32f103xb.o(RESET)
    __main                                   0x080000ed   Thumb Code     0  entry.o(.ARM.Collect$$$$00000000)
    _main_stk                                0x080000ed   Thumb Code     0  entry2.o(.ARM.Collect$$$$00000001)
    _main_scatterload                        0x080000f1   Thumb Code     0  entry5.o(.ARM.Collect$$$$00000004)
    __main_after_scatterload                 0x080000f5   Thumb Code     0  entry5.o(.ARM.Collect$$$$00000004)
    _main_clock                              0x080000f5   Thumb Code     0  entry7b.o(.ARM.Collect$$$$00000008)
    _main_cpp_init                           0x080000f5   Thumb Code     0  entry8b.o(.ARM.Collect$$$$0000000A)
    _main_init                               0x080000f5   Thumb Code     0  entry9a.o(.ARM.Collect$$$$0000000B)
    __rt_final_cpp                           0x080000fd   Thumb Code     0  entry10a.o(.ARM.Collect$$$$0000000D)
    __rt_final_exit                          0x080000fd   Thumb Code     0  entry11a.o(.ARM.Collect$$$$0000000F)
    Reset_Handler                            0x08000101   Thumb Code     8  startup_stm32f103xb.o(.text)
    ADC1_2_IRQHandler                        0x0800011b   Thumb Code     0  startup_stm32f103xb.o(.text)
    CAN1_RX1_IRQHandler                      0x0800011b   Thumb Code     0  startup_stm32f103xb.o(.text)
    CAN1_SCE_IRQHandler                      0x0800011b   Thumb Code     0  startup_stm32f103xb.o(.text)
    DMA1_Channel1_IRQHandler                 0x0800011b   Thumb Code     0  startup_stm32f103xb.o(.text)
    DMA1_Channel2_IRQHandler                 0x0800011b   Thumb Code     0  startup_stm32f103xb.o(.text)
    DMA1_Channel4_IRQHandler                 0x0800011b   Thumb Code     0  startup_stm32f103xb.o(.text)
    DMA1_Channel7_IRQHandler                 0x0800011b   Thumb Code     0  startup_stm32f103xb.o(.text)
    EXTI0_IRQHandler                         0x0800011b   Thumb Code     0  startup_stm32f103xb.o(.text)
    EXTI15_10_IRQHandler                     0x0800011b   Thumb Code     0  startup_stm32f103xb.o(.text)
    EXTI1_IRQHandler                         0x0800011b   Thumb Code     0  startup_stm32f103xb.o(.text)
    EXTI2_IRQHandler                         0x0800011b   Thumb Code     0  startup_stm32f103xb.o(.text)
    EXTI3_IRQHandler                         0x0800011b   Thumb Code     0  startup_stm32f103xb.o(.text)
    EXTI4_IRQHandler                         0x0800011b   Thumb Code     0  startup_stm32f103xb.o(.text)
    EXTI9_5_IRQHandler                       0x0800011b   Thumb Code     0  startup_stm32f103xb.o(.text)
    FLASH_IRQHandler                         0x0800011b   Thumb Code     0  startup_stm32f103xb.o(.text)
    I2C1_ER_IRQHandler                       0x0800011b   Thumb Code     0  startup_stm32f103xb.o(.text)
    I2C1_EV_IRQHandler                       0x0800011b   Thumb Code     0  startup_stm32f103xb.o(.text)
    I2C2_ER_IRQHandler                       0x0800011b   Thumb Code     0  startup_stm32f103xb.o(.text)
    I2C2_EV_IRQHandler                       0x0800011b   Thumb Code     0  startup_stm32f103xb.o(.text)
    PVD_IRQHandler                           0x0800011b   Thumb Code     0  startup_stm32f103xb.o(.text)
    RCC_IRQHandler                           0x0800011b   Thumb Code     0  startup_stm32f103xb.o(.text)
    RTC_Alarm_IRQHandler                     0x0800011b   Thumb Code     0  startup_stm32f103xb.o(.text)
    RTC_IRQHandler                           0x0800011b   Thumb Code     0  startup_stm32f103xb.o(.text)
    SPI1_IRQHandler                          0x0800011b   Thumb Code     0  startup_stm32f103xb.o(.text)
    SPI2_IRQHandler                          0x0800011b   Thumb Code     0  startup_stm32f103xb.o(.text)
    TAMPER_IRQHandler                        0x0800011b   Thumb Code     0  startup_stm32f103xb.o(.text)
    TIM1_BRK_IRQHandler                      0x0800011b   Thumb Code     0  startup_stm32f103xb.o(.text)
    TIM1_CC_IRQHandler                       0x0800011b   Thumb Code     0  startup_stm32f103xb.o(.text)
    TIM1_TRG_COM_IRQHandler                  0x0800011b   Thumb Code     0  startup_stm32f103xb.o(.text)
    TIM1_UP_IRQHandler                       0x0800011b   Thumb Code     0  startup_stm32f103xb.o(.text)
    TIM2_IRQHandler                          0x0800011b   Thumb Code     0  startup_stm32f103xb.o(.text)
    TIM3_IRQHandler                          0x0800011b   Thumb Code     0  startup_stm32f103xb.o(.text)
    TIM4_IRQHandler                          0x0800011b   Thumb Code     0  startup_stm32f103xb.o(.text)
    USBWakeUp_IRQHandler                     0x0800011b   Thumb Code     0  startup_stm32f103xb.o(.text)
    USB_HP_CAN1_TX_IRQHandler                0x0800011b   Thumb Code     0  startup_stm32f103xb.o(.text)
    USB_LP_CAN1_RX0_IRQHandler               0x0800011b   Thumb Code     0  startup_stm32f103xb.o(.text)
    WWDG_IRQHandler                          0x0800011b   Thumb Code     0  startup_stm32f103xb.o(.text)
    __aeabi_llsr                             0x08000125   Thumb Code    32  llushr.o(.text)
    _ll_ushift_r                             0x08000125   Thumb Code     0  llushr.o(.text)
    __aeabi_memset                           0x08000145   Thumb Code    14  memseta.o(.text)
    __aeabi_memset4                          0x08000145   Thumb Code     0  memseta.o(.text)
    __aeabi_memset8                          0x08000145   Thumb Code     0  memseta.o(.text)
    __aeabi_memclr                           0x08000153   Thumb Code     4  memseta.o(.text)
    __aeabi_memclr4                          0x08000153   Thumb Code     0  memseta.o(.text)
    __aeabi_memclr8                          0x08000153   Thumb Code     0  memseta.o(.text)
    _memset$wrapper                          0x08000157   Thumb Code    18  memseta.o(.text)
    __aeabi_fadd                             0x08000169   Thumb Code   164  fadd.o(.text)
    __aeabi_fsub                             0x0800020d   Thumb Code     6  fadd.o(.text)
    __aeabi_frsub                            0x08000213   Thumb Code     6  fadd.o(.text)
    __aeabi_fmul                             0x08000219   Thumb Code   100  fmul.o(.text)
    __aeabi_fdiv                             0x0800027d   Thumb Code   124  fdiv.o(.text)
    __aeabi_dadd                             0x080002f9   Thumb Code   322  dadd.o(.text)
    __aeabi_dsub                             0x0800043b   Thumb Code     6  dadd.o(.text)
    __aeabi_drsub                            0x08000441   Thumb Code     6  dadd.o(.text)
    __aeabi_dmul                             0x08000447   Thumb Code   228  dmul.o(.text)
    __aeabi_ddiv                             0x0800052b   Thumb Code   222  ddiv.o(.text)
    __aeabi_i2f                              0x08000609   Thumb Code    18  fflti.o(.text)
    __aeabi_ui2f                             0x0800061b   Thumb Code    10  ffltui.o(.text)
    __aeabi_i2d                              0x08000625   Thumb Code    34  dflti.o(.text)
    __aeabi_ui2d                             0x08000647   Thumb Code    26  dfltui.o(.text)
    __aeabi_f2uiz                            0x08000661   Thumb Code    40  ffixui.o(.text)
    __aeabi_f2d                              0x08000689   Thumb Code    38  f2d.o(.text)
    __aeabi_d2f                              0x080006af   Thumb Code    56  d2f.o(.text)
    __aeabi_uidiv                            0x080006e7   Thumb Code     0  uidiv.o(.text)
    __aeabi_uidivmod                         0x080006e7   Thumb Code    44  uidiv.o(.text)
    __aeabi_uldivmod                         0x08000713   Thumb Code    98  uldiv.o(.text)
    __aeabi_llsl                             0x08000775   Thumb Code    30  llshl.o(.text)
    _ll_shift_l                              0x08000775   Thumb Code     0  llshl.o(.text)
    __aeabi_lasr                             0x08000793   Thumb Code    36  llsshr.o(.text)
    _ll_sshift_r                             0x08000793   Thumb Code     0  llsshr.o(.text)
    __I$use$fp                               0x080007b7   Thumb Code     0  iusefp.o(.text)
    _float_round                             0x080007b7   Thumb Code    18  fepilogue.o(.text)
    _float_epilogue                          0x080007c9   Thumb Code    92  fepilogue.o(.text)
    _double_round                            0x08000825   Thumb Code    30  depilogue.o(.text)
    _double_epilogue                         0x08000843   Thumb Code   156  depilogue.o(.text)
    __aeabi_d2ulz                            0x080008df   Thumb Code    48  dfixul.o(.text)
    __aeabi_cdrcmple                         0x08000911   Thumb Code    48  cdrcmple.o(.text)
    __scatterload                            0x08000941   Thumb Code    28  init.o(.text)
    __scatterload_rt2                        0x08000941   Thumb Code     0  init.o(.text)
    BusFault_Handler                         0x08000965   Thumb Code     2  stm32f1xx_it.o(i.BusFault_Handler)
    Calculate                                0x08000969   Thumb Code   158  flash.o(i.Calculate)
    CalulateCRC                              0x08000a11   Thumb Code   102  rc522.o(i.CalulateCRC)
    ClearBitMask                             0x08000a77   Thumb Code    24  rc522.o(i.ClearBitMask)
    Cmd_ProcessMessage                       0x08000a8f   Thumb Code   126  hmi_process.o(i.Cmd_ProcessMessage)
    DMA1_Channel3_IRQHandler                 0x08000b0d   Thumb Code     6  stm32f1xx_it.o(i.DMA1_Channel3_IRQHandler)
    DMA1_Channel5_IRQHandler                 0x08000b19   Thumb Code     6  stm32f1xx_it.o(i.DMA1_Channel5_IRQHandler)
    DMA1_Channel6_IRQHandler                 0x08000b25   Thumb Code     6  stm32f1xx_it.o(i.DMA1_Channel6_IRQHandler)
    DebugMon_Handler                         0x08000b5b   Thumb Code     2  stm32f1xx_it.o(i.DebugMon_Handler)
    Error_Handler                            0x08000b5d   Thumb Code     2  main.o(i.Error_Handler)
    FLASH_PageErase                          0x08000b85   Thumb Code    28  stm32f1xx_hal_flash_ex.o(i.FLASH_PageErase)
    FLASH_WaitForLastOperation               0x08000c21   Thumb Code    80  stm32f1xx_hal_flash.o(i.FLASH_WaitForLastOperation)
    HAL_DMA_Abort                            0x08000c75   Thumb Code    70  stm32f1xx_hal_dma.o(i.HAL_DMA_Abort)
    HAL_DMA_Abort_IT                         0x08000cbd   Thumb Code   148  stm32f1xx_hal_dma.o(i.HAL_DMA_Abort_IT)
    HAL_DMA_IRQHandler                       0x08000d55   Thumb Code   316  stm32f1xx_hal_dma.o(i.HAL_DMA_IRQHandler)
    HAL_DMA_Init                             0x08000ea9   Thumb Code    84  stm32f1xx_hal_dma.o(i.HAL_DMA_Init)
    HAL_DMA_Start_IT                         0x08000f05   Thumb Code   112  stm32f1xx_hal_dma.o(i.HAL_DMA_Start_IT)
    HAL_Delay                                0x08000f75   Thumb Code    32  stm32f1xx_hal.o(i.HAL_Delay)
    HAL_FLASHEx_Erase                        0x08000f99   Thumb Code   160  stm32f1xx_hal_flash_ex.o(i.HAL_FLASHEx_Erase)
    HAL_FLASH_Lock                           0x08001041   Thumb Code    14  stm32f1xx_hal_flash.o(i.HAL_FLASH_Lock)
    HAL_FLASH_Program                        0x08001055   Thumb Code   120  stm32f1xx_hal_flash.o(i.HAL_FLASH_Program)
    HAL_FLASH_Unlock                         0x080010d5   Thumb Code    28  stm32f1xx_hal_flash.o(i.HAL_FLASH_Unlock)
    HAL_GPIO_Init                            0x080010fd   Thumb Code   446  stm32f1xx_hal_gpio.o(i.HAL_GPIO_Init)
    HAL_GPIO_WritePin                        0x080012dd   Thumb Code    10  stm32f1xx_hal_gpio.o(i.HAL_GPIO_WritePin)
    HAL_GetTick                              0x080012e9   Thumb Code     6  stm32f1xx_hal.o(i.HAL_GetTick)
    HAL_I2C_Init                             0x080012f5   Thumb Code   356  stm32f1xx_hal_i2c.o(i.HAL_I2C_Init)
    HAL_I2C_MspInit                          0x08001469   Thumb Code    80  i2c.o(i.HAL_I2C_MspInit)
    HAL_IncTick                              0x080014c5   Thumb Code    12  stm32f1xx_hal.o(i.HAL_IncTick)
    HAL_Init                                 0x080014d5   Thumb Code    32  stm32f1xx_hal.o(i.HAL_Init)
    HAL_InitTick                             0x080014f9   Thumb Code    54  stm32f1xx_hal.o(i.HAL_InitTick)
    HAL_MspInit                              0x08001539   Thumb Code    52  stm32f1xx_hal_msp.o(i.HAL_MspInit)
    HAL_NVIC_EnableIRQ                       0x08001575   Thumb Code    26  stm32f1xx_hal_cortex.o(i.HAL_NVIC_EnableIRQ)
    HAL_NVIC_SetPriority                     0x08001591   Thumb Code    60  stm32f1xx_hal_cortex.o(i.HAL_NVIC_SetPriority)
    HAL_NVIC_SetPriorityGrouping             0x080015d1   Thumb Code    26  stm32f1xx_hal_cortex.o(i.HAL_NVIC_SetPriorityGrouping)
    HAL_RCC_ClockConfig                      0x080015f5   Thumb Code   280  stm32f1xx_hal_rcc.o(i.HAL_RCC_ClockConfig)
    HAL_RCC_GetPCLK1Freq                     0x08001721   Thumb Code    20  stm32f1xx_hal_rcc.o(i.HAL_RCC_GetPCLK1Freq)
    HAL_RCC_GetPCLK2Freq                     0x08001741   Thumb Code    20  stm32f1xx_hal_rcc.o(i.HAL_RCC_GetPCLK2Freq)
    HAL_RCC_GetSysClockFreq                  0x08001761   Thumb Code    74  stm32f1xx_hal_rcc.o(i.HAL_RCC_GetSysClockFreq)
    HAL_RCC_OscConfig                        0x080017cd   Thumb Code   778  stm32f1xx_hal_rcc.o(i.HAL_RCC_OscConfig)
    HAL_SPI_Init                             0x08001aed   Thumb Code   124  stm32f1xx_hal_spi.o(i.HAL_SPI_Init)
    HAL_SPI_MspInit                          0x08001b69   Thumb Code    98  spi.o(i.HAL_SPI_MspInit)
    HAL_SPI_Receive                          0x08001bd9   Thumb Code   336  stm32f1xx_hal_spi.o(i.HAL_SPI_Receive)
    HAL_SPI_Transmit                         0x08001d29   Thumb Code   348  stm32f1xx_hal_spi.o(i.HAL_SPI_Transmit)
    HAL_SPI_TransmitReceive                  0x08001e85   Thumb Code   482  stm32f1xx_hal_spi.o(i.HAL_SPI_TransmitReceive)
    HAL_SYSTICK_Config                       0x08002067   Thumb Code    40  stm32f1xx_hal_cortex.o(i.HAL_SYSTICK_Config)
    HAL_UART_DMAStop                         0x0800208f   Thumb Code    88  stm32f1xx_hal_uart.o(i.HAL_UART_DMAStop)
    HAL_UART_ErrorCallback                   0x080020e7   Thumb Code     2  stm32f1xx_hal_uart.o(i.HAL_UART_ErrorCallback)
    HAL_UART_IRQHandler                      0x080020e9   Thumb Code   266  stm32f1xx_hal_uart.o(i.HAL_UART_IRQHandler)
    HAL_UART_Init                            0x080021f9   Thumb Code    98  stm32f1xx_hal_uart.o(i.HAL_UART_Init)
    HAL_UART_MspInit                         0x0800225d   Thumb Code   412  usart.o(i.HAL_UART_MspInit)
    HAL_UART_Receive_DMA                     0x08002419   Thumb Code   138  stm32f1xx_hal_uart.o(i.HAL_UART_Receive_DMA)
    HAL_UART_RxCpltCallback                  0x080024b1   Thumb Code     2  stm32f1xx_hal_uart.o(i.HAL_UART_RxCpltCallback)
    HAL_UART_RxHalfCpltCallback              0x080024b3   Thumb Code     2  stm32f1xx_hal_uart.o(i.HAL_UART_RxHalfCpltCallback)
    HAL_UART_Transmit                        0x080024b5   Thumb Code   186  stm32f1xx_hal_uart.o(i.HAL_UART_Transmit)
    HAL_UART_TxCpltCallback                  0x0800256f   Thumb Code     2  stm32f1xx_hal_uart.o(i.HAL_UART_TxCpltCallback)
    HardFault_Handler                        0x08002571   Thumb Code     2  stm32f1xx_it.o(i.HardFault_Handler)
    MX_DMA_Init                              0x08002575   Thumb Code    72  dma.o(i.MX_DMA_Init)
    MX_GPIO_Init                             0x080025c1   Thumb Code   120  gpio.o(i.MX_GPIO_Init)
    MX_I2C1_Init                             0x08002645   Thumb Code    50  i2c.o(i.MX_I2C1_Init)
    MX_SPI1_Init                             0x08002685   Thumb Code    62  spi.o(i.MX_SPI1_Init)
    MX_USART1_UART_Init                      0x080026cd   Thumb Code    48  usart.o(i.MX_USART1_UART_Init)
    MX_USART2_UART_Init                      0x08002705   Thumb Code    48  usart.o(i.MX_USART2_UART_Init)
    MX_USART3_UART_Init                      0x0800273d   Thumb Code    48  usart.o(i.MX_USART3_UART_Init)
    MemManage_Handler                        0x08002775   Thumb Code     2  stm32f1xx_it.o(i.MemManage_Handler)
    NMI_Handler                              0x08002777   Thumb Code     2  stm32f1xx_it.o(i.NMI_Handler)
    NotifyButton1                            0x08002779   Thumb Code    58  hmi_process.o(i.NotifyButton1)
    NotifyScreen                             0x080027bd   Thumb Code     6  hmi_process.o(i.NotifyScreen)
    NotifyText                               0x080027c9   Thumb Code    28  hmi_process.o(i.NotifyText)
    PcdAntennaOff                            0x080027e5   Thumb Code     8  rc522.o(i.PcdAntennaOff)
    PcdAntennaOn                             0x080027ed   Thumb Code    26  rc522.o(i.PcdAntennaOn)
    PcdAnticoll                              0x08002807   Thumb Code   106  rc522.o(i.PcdAnticoll)
    PcdAuthState                             0x08002871   Thumb Code    82  rc522.o(i.PcdAuthState)
    PcdComMF522                              0x080028c3   Thumb Code   278  rc522.o(i.PcdComMF522)
    PcdHalt                                  0x080029d9   Thumb Code    50  rc522.o(i.PcdHalt)
    PcdRequest                               0x08002a0b   Thumb Code    80  rc522.o(i.PcdRequest)
    PcdReset                                 0x08002a5d   Thumb Code   134  rc522.o(i.PcdReset)
    PcdSelect                                0x08002ae9   Thumb Code    98  rc522.o(i.PcdSelect)
    PendSV_Handler                           0x08002b4b   Thumb Code     2  stm32f1xx_it.o(i.PendSV_Handler)
    ReadRawRC                                0x08002b4d   Thumb Code    80  rc522.o(i.ReadRawRC)
    SVC_Handler                              0x08002cb5   Thumb Code     2  stm32f1xx_it.o(i.SVC_Handler)
    SendChar                                 0x08002cb9   Thumb Code    16  usart.o(i.SendChar)
    SendStrings                              0x08002ccd   Thumb Code    22  hmi_driver.o(i.SendStrings)
    SetBitMask                               0x08002ce3   Thumb Code    24  rc522.o(i.SetBitMask)
    SetScreen                                0x08002cfb   Thumb Code    62  hmi_driver.o(i.SetScreen)
    SetTextValue                             0x08002d39   Thumb Code    84  hmi_driver.o(i.SetTextValue)
    SetTextValueFloat1                       0x08002d8d   Thumb Code    44  hmi_driver.o(i.SetTextValueFloat1)
    SysTick_Handler                          0x08002dc1   Thumb Code     4  stm32f1xx_it.o(i.SysTick_Handler)
    SystemClock_Config                       0x08002dc5   Thumb Code    76  main.o(i.SystemClock_Config)
    SystemInit                               0x08002e11   Thumb Code    56  system_stm32f1xx.o(i.SystemInit)
    USART1_IRQHandler                        0x0800313d   Thumb Code    54  stm32f1xx_it.o(i.USART1_IRQHandler)
    USART2_IRQHandler                        0x08003185   Thumb Code    54  stm32f1xx_it.o(i.USART2_IRQHandler)
    USART3_IRQHandler                        0x080031cd   Thumb Code    54  stm32f1xx_it.o(i.USART3_IRQHandler)
    UsageFault_Handler                       0x08003215   Thumb Code     2  stm32f1xx_it.o(i.UsageFault_Handler)
    Usart1_Process                           0x08003219   Thumb Code   100  hmi_process.o(i.Usart1_Process)
    Usart2_Process                           0x08003295   Thumb Code   162  lgd_cmd.o(i.Usart2_Process)
    Usart3_Process                           0x08003359   Thumb Code   162  lgd_cmd.o(i.Usart3_Process)
    WriteRawRC                               0x0800341d   Thumb Code    62  rc522.o(i.WriteRawRC)
    __0printf                                0x08003465   Thumb Code    22  printfa.o(i.__0printf)
    __1printf                                0x08003465   Thumb Code     0  printfa.o(i.__0printf)
    __2printf                                0x08003465   Thumb Code     0  printfa.o(i.__0printf)
    __c89printf                              0x08003465   Thumb Code     0  printfa.o(i.__0printf)
    printf                                   0x08003465   Thumb Code     0  printfa.o(i.__0printf)
    __0sprintf                               0x08003485   Thumb Code    34  printfa.o(i.__0sprintf)
    __1sprintf                               0x08003485   Thumb Code     0  printfa.o(i.__0sprintf)
    __2sprintf                               0x08003485   Thumb Code     0  printfa.o(i.__0sprintf)
    __c89sprintf                             0x08003485   Thumb Code     0  printfa.o(i.__0sprintf)
    sprintf                                  0x08003485   Thumb Code     0  printfa.o(i.__0sprintf)
    __scatterload_copy                       0x080034cd   Thumb Code    14  handlers.o(i.__scatterload_copy)
    __scatterload_null                       0x080034db   Thumb Code     2  handlers.o(i.__scatterload_null)
    __scatterload_zeroinit                   0x080034dd   Thumb Code    14  handlers.o(i.__scatterload_zeroinit)
    fputc                                    0x08003da9   Thumb Code    20  usart.o(i.fputc)
    main                                     0x08003dc1   Thumb Code   406  main.o(i.main)
    queue_find_cmd                           0x080040ad   Thumb Code   112  cmd_queue.o(i.queue_find_cmd)
    queue_push                               0x08004125   Thumb Code    26  cmd_queue.o(i.queue_push)
    queue_reset                              0x08004145   Thumb Code    16  cmd_queue.o(i.queue_reset)
    store_value                              0x0800415d   Thumb Code   160  flash.o(i.store_value)
    string_to_float                          0x08004209   Thumb Code   220  hmi_driver.o(i.string_to_float)
    writeFlash                               0x080042f1   Thumb Code    68  flash.o(i.writeFlash)
    AHBPrescTable                            0x08004334   Data          16  system_stm32f1xx.o(.constdata)
    APBPrescTable                            0x08004344   Data           8  system_stm32f1xx.o(.constdata)
    Region$$Table$$Base                      0x0800434c   Number         0  anon$$obj.o(Region$$Table)
    Region$$Table$$Limit                     0x0800436c   Number         0  anon$$obj.o(Region$$Table)
    current_screen_id                        0x20000000   Data           1  hmi_process.o(.data)
    lgd_size                                 0x20000001   Data           1  hmi_process.o(.data)
    ddl                                      0x2000000c   Data           1  lgd_cmd.o(.data)
    ddh                                      0x2000000d   Data           1  lgd_cmd.o(.data)
    Ambient_Temp                             0x20000010   Data           4  lgd_cmd.o(.data)
    human_Temp                               0x20000014   Data           4  lgd_cmd.o(.data)
    k                                        0x20000018   Data           2  flash.o(.data)
    b                                        0x2000001a   Data           2  flash.o(.data)
    Alarm                                    0x2000001c   Data           8  flash.o(.data)
    Lnd                                      0x20000024   Data           8  flash.o(.data)
    Hnd                                      0x2000002c   Data           8  flash.o(.data)
    Xlnd                                     0x20000034   Data           8  flash.o(.data)
    Xhnd                                     0x2000003c   Data           8  flash.o(.data)
    K                                        0x20000044   Data           8  flash.o(.data)
    B                                        0x2000004c   Data           8  flash.o(.data)
    System_state                             0x20000054   Data           1  main.o(.data)
    status                                   0x20000055   Data           1  main.o(.data)
    Card_Type1                               0x20000056   Data           2  main.o(.data)
    Card_ID                                  0x20000058   Data           4  main.o(.data)
    Card_KEY                                 0x2000005c   Data           6  main.o(.data)
    bUart1                                   0x20000062   Data           1  usart.o(.data)
    bUart2                                   0x20000063   Data           1  usart.o(.data)
    bUart3                                   0x20000064   Data           1  usart.o(.data)
    u1_len                                   0x20000065   Data           1  usart.o(.data)
    u2_len                                   0x20000066   Data           1  usart.o(.data)
    u3_len                                   0x20000067   Data           1  usart.o(.data)
    uwTickFreq                               0x20000068   Data           1  stm32f1xx_hal.o(.data)
    uwTickPrio                               0x2000006c   Data           4  stm32f1xx_hal.o(.data)
    uwTick                                   0x20000070   Data           4  stm32f1xx_hal.o(.data)
    SystemCoreClock                          0x20000074   Data           4  system_stm32f1xx.o(.data)
    __stdout                                 0x20000078   Data           4  stdout.o(.data)
    sysSet                                   0x20000280   Data         200  flash.o(.bss)
    hi2c1                                    0x20000348   Data          84  i2c.o(.bss)
    hspi1                                    0x2000039c   Data          88  spi.o(.bss)
    u1_rxbuf                                 0x200003f4   Data         100  usart.o(.bss)
    u2_rxbuf                                 0x20000458   Data         100  usart.o(.bss)
    u3_rxbuf                                 0x200004bc   Data         100  usart.o(.bss)
    huart1                                   0x20000520   Data          64  usart.o(.bss)
    huart2                                   0x20000560   Data          64  usart.o(.bss)
    huart3                                   0x200005a0   Data          64  usart.o(.bss)
    hdma_usart1_rx                           0x200005e0   Data          68  usart.o(.bss)
    hdma_usart2_rx                           0x20000624   Data          68  usart.o(.bss)
    hdma_usart3_rx                           0x20000668   Data          68  usart.o(.bss)
    pFlash                                   0x200006b0   Data          32  stm32f1xx_hal_flash.o(.bss)
    __initial_sp                             0x20000ad0   Data           0  startup_stm32f103xb.o(STACK)



==============================================================================

Memory Map of the image

  Image Entry point : 0x080000ed

  Load Region LR_IROM1 (Base: 0x08000000, Size: 0x000043e8, Max: 0x00080000, ABSOLUTE)

    Execution Region ER_IROM1 (Exec base: 0x08000000, Load base: 0x08000000, Size: 0x0000436c, Max: 0x00080000, ABSOLUTE)

    Exec Addr    Load Addr    Size         Type   Attr      Idx    E Section Name        Object

    0x08000000   0x08000000   0x000000ec   Data   RO            3    RESET               startup_stm32f103xb.o
    0x080000ec   0x080000ec   0x00000000   Code   RO         3871  * .ARM.Collect$$$$00000000  mc_w.l(entry.o)
    0x080000ec   0x080000ec   0x00000004   Code   RO         4167    .ARM.Collect$$$$00000001  mc_w.l(entry2.o)
    0x080000f0   0x080000f0   0x00000004   Code   RO         4170    .ARM.Collect$$$$00000004  mc_w.l(entry5.o)
    0x080000f4   0x080000f4   0x00000000   Code   RO         4172    .ARM.Collect$$$$00000008  mc_w.l(entry7b.o)
    0x080000f4   0x080000f4   0x00000000   Code   RO         4174    .ARM.Collect$$$$0000000A  mc_w.l(entry8b.o)
    0x080000f4   0x080000f4   0x00000008   Code   RO         4175    .ARM.Collect$$$$0000000B  mc_w.l(entry9a.o)
    0x080000fc   0x080000fc   0x00000000   Code   RO         4177    .ARM.Collect$$$$0000000D  mc_w.l(entry10a.o)
    0x080000fc   0x080000fc   0x00000000   Code   RO         4179    .ARM.Collect$$$$0000000F  mc_w.l(entry11a.o)
    0x080000fc   0x080000fc   0x00000004   Code   RO         4168    .ARM.Collect$$$$00002712  mc_w.l(entry2.o)
    0x08000100   0x08000100   0x00000024   Code   RO            4    .text               startup_stm32f103xb.o
    0x08000124   0x08000124   0x00000020   Code   RO         3874    .text               mc_w.l(llushr.o)
    0x08000144   0x08000144   0x00000024   Code   RO         3876    .text               mc_w.l(memseta.o)
    0x08000168   0x08000168   0x000000b0   Code   RO         4139    .text               mf_w.l(fadd.o)
    0x08000218   0x08000218   0x00000064   Code   RO         4141    .text               mf_w.l(fmul.o)
    0x0800027c   0x0800027c   0x0000007c   Code   RO         4143    .text               mf_w.l(fdiv.o)
    0x080002f8   0x080002f8   0x0000014e   Code   RO         4147    .text               mf_w.l(dadd.o)
    0x08000446   0x08000446   0x000000e4   Code   RO         4149    .text               mf_w.l(dmul.o)
    0x0800052a   0x0800052a   0x000000de   Code   RO         4151    .text               mf_w.l(ddiv.o)
    0x08000608   0x08000608   0x00000012   Code   RO         4153    .text               mf_w.l(fflti.o)
    0x0800061a   0x0800061a   0x0000000a   Code   RO         4155    .text               mf_w.l(ffltui.o)
    0x08000624   0x08000624   0x00000022   Code   RO         4157    .text               mf_w.l(dflti.o)
    0x08000646   0x08000646   0x0000001a   Code   RO         4159    .text               mf_w.l(dfltui.o)
    0x08000660   0x08000660   0x00000028   Code   RO         4161    .text               mf_w.l(ffixui.o)
    0x08000688   0x08000688   0x00000026   Code   RO         4163    .text               mf_w.l(f2d.o)
    0x080006ae   0x080006ae   0x00000038   Code   RO         4165    .text               mf_w.l(d2f.o)
    0x080006e6   0x080006e6   0x0000002c   Code   RO         4182    .text               mc_w.l(uidiv.o)
    0x08000712   0x08000712   0x00000062   Code   RO         4184    .text               mc_w.l(uldiv.o)
    0x08000774   0x08000774   0x0000001e   Code   RO         4186    .text               mc_w.l(llshl.o)
    0x08000792   0x08000792   0x00000024   Code   RO         4188    .text               mc_w.l(llsshr.o)
    0x080007b6   0x080007b6   0x00000000   Code   RO         4190    .text               mc_w.l(iusefp.o)
    0x080007b6   0x080007b6   0x0000006e   Code   RO         4191    .text               mf_w.l(fepilogue.o)
    0x08000824   0x08000824   0x000000ba   Code   RO         4193    .text               mf_w.l(depilogue.o)
    0x080008de   0x080008de   0x00000030   Code   RO         4195    .text               mf_w.l(dfixul.o)
    0x0800090e   0x0800090e   0x00000002   PAD
    0x08000910   0x08000910   0x00000030   Code   RO         4197    .text               mf_w.l(cdrcmple.o)
    0x08000940   0x08000940   0x00000024   Code   RO         4199    .text               mc_w.l(init.o)
    0x08000964   0x08000964   0x00000002   Code   RO         1583    i.BusFault_Handler  stm32f1xx_it.o
    0x08000966   0x08000966   0x00000002   PAD
    0x08000968   0x08000968   0x000000a8   Code   RO         1253    i.Calculate         flash.o
    0x08000a10   0x08000a10   0x00000066   Code   RO         1116    i.CalulateCRC       rc522.o
    0x08000a76   0x08000a76   0x00000018   Code   RO         1117    i.ClearBitMask      rc522.o
    0x08000a8e   0x08000a8e   0x0000007e   Code   RO          856    i.Cmd_ProcessMessage  hmi_process.o
    0x08000b0c   0x08000b0c   0x0000000c   Code   RO         1584    i.DMA1_Channel3_IRQHandler  stm32f1xx_it.o
    0x08000b18   0x08000b18   0x0000000c   Code   RO         1585    i.DMA1_Channel5_IRQHandler  stm32f1xx_it.o
    0x08000b24   0x08000b24   0x0000000c   Code   RO         1586    i.DMA1_Channel6_IRQHandler  stm32f1xx_it.o
    0x08000b30   0x08000b30   0x0000002a   Code   RO         3239    i.DMA_SetConfig     stm32f1xx_hal_dma.o
    0x08000b5a   0x08000b5a   0x00000002   Code   RO         1587    i.DebugMon_Handler  stm32f1xx_it.o
    0x08000b5c   0x08000b5c   0x00000002   Code   RO         1314    i.Error_Handler     main.o
    0x08000b5e   0x08000b5e   0x00000002   PAD
    0x08000b60   0x08000b60   0x00000024   Code   RO         3679    i.FLASH_MassErase   stm32f1xx_hal_flash_ex.o
    0x08000b84   0x08000b84   0x00000024   Code   RO         3684    i.FLASH_PageErase   stm32f1xx_hal_flash_ex.o
    0x08000ba8   0x08000ba8   0x0000001c   Code   RO         3576    i.FLASH_Program_HalfWord  stm32f1xx_hal_flash.o
    0x08000bc4   0x08000bc4   0x0000005c   Code   RO         3577    i.FLASH_SetErrorCode  stm32f1xx_hal_flash.o
    0x08000c20   0x08000c20   0x00000054   Code   RO         3578    i.FLASH_WaitForLastOperation  stm32f1xx_hal_flash.o
    0x08000c74   0x08000c74   0x00000046   Code   RO         3240    i.HAL_DMA_Abort     stm32f1xx_hal_dma.o
    0x08000cba   0x08000cba   0x00000002   PAD
    0x08000cbc   0x08000cbc   0x00000098   Code   RO         3241    i.HAL_DMA_Abort_IT  stm32f1xx_hal_dma.o
    0x08000d54   0x08000d54   0x00000154   Code   RO         3245    i.HAL_DMA_IRQHandler  stm32f1xx_hal_dma.o
    0x08000ea8   0x08000ea8   0x0000005c   Code   RO         3246    i.HAL_DMA_Init      stm32f1xx_hal_dma.o
    0x08000f04   0x08000f04   0x00000070   Code   RO         3250    i.HAL_DMA_Start_IT  stm32f1xx_hal_dma.o
    0x08000f74   0x08000f74   0x00000024   Code   RO         2868    i.HAL_Delay         stm32f1xx_hal.o
    0x08000f98   0x08000f98   0x000000a8   Code   RO         3685    i.HAL_FLASHEx_Erase  stm32f1xx_hal_flash_ex.o
    0x08001040   0x08001040   0x00000014   Code   RO         3582    i.HAL_FLASH_Lock    stm32f1xx_hal_flash.o
    0x08001054   0x08001054   0x00000080   Code   RO         3587    i.HAL_FLASH_Program  stm32f1xx_hal_flash.o
    0x080010d4   0x080010d4   0x00000028   Code   RO         3589    i.HAL_FLASH_Unlock  stm32f1xx_hal_flash.o
    0x080010fc   0x080010fc   0x000001e0   Code   RO         3176    i.HAL_GPIO_Init     stm32f1xx_hal_gpio.o
    0x080012dc   0x080012dc   0x0000000a   Code   RO         3180    i.HAL_GPIO_WritePin  stm32f1xx_hal_gpio.o
    0x080012e6   0x080012e6   0x00000002   PAD
    0x080012e8   0x080012e8   0x0000000c   Code   RO         2872    i.HAL_GetTick       stm32f1xx_hal.o
    0x080012f4   0x080012f4   0x00000174   Code   RO         1766    i.HAL_I2C_Init      stm32f1xx_hal_i2c.o
    0x08001468   0x08001468   0x0000005c   Code   RO         1413    i.HAL_I2C_MspInit   i2c.o
    0x080014c4   0x080014c4   0x00000010   Code   RO         2878    i.HAL_IncTick       stm32f1xx_hal.o
    0x080014d4   0x080014d4   0x00000024   Code   RO         2879    i.HAL_Init          stm32f1xx_hal.o
    0x080014f8   0x080014f8   0x00000040   Code   RO         2880    i.HAL_InitTick      stm32f1xx_hal.o
    0x08001538   0x08001538   0x0000003c   Code   RO         1695    i.HAL_MspInit       stm32f1xx_hal_msp.o
    0x08001574   0x08001574   0x0000001a   Code   RO         3336    i.HAL_NVIC_EnableIRQ  stm32f1xx_hal_cortex.o
    0x0800158e   0x0800158e   0x00000002   PAD
    0x08001590   0x08001590   0x00000040   Code   RO         3342    i.HAL_NVIC_SetPriority  stm32f1xx_hal_cortex.o
    0x080015d0   0x080015d0   0x00000024   Code   RO         3343    i.HAL_NVIC_SetPriorityGrouping  stm32f1xx_hal_cortex.o
    0x080015f4   0x080015f4   0x0000012c   Code   RO         3036    i.HAL_RCC_ClockConfig  stm32f1xx_hal_rcc.o
    0x08001720   0x08001720   0x00000020   Code   RO         3043    i.HAL_RCC_GetPCLK1Freq  stm32f1xx_hal_rcc.o
    0x08001740   0x08001740   0x00000020   Code   RO         3044    i.HAL_RCC_GetPCLK2Freq  stm32f1xx_hal_rcc.o
    0x08001760   0x08001760   0x0000006c   Code   RO         3045    i.HAL_RCC_GetSysClockFreq  stm32f1xx_hal_rcc.o
    0x080017cc   0x080017cc   0x00000320   Code   RO         3048    i.HAL_RCC_OscConfig  stm32f1xx_hal_rcc.o
    0x08001aec   0x08001aec   0x0000007c   Code   RO         2188    i.HAL_SPI_Init      stm32f1xx_hal_spi.o
    0x08001b68   0x08001b68   0x00000070   Code   RO         1455    i.HAL_SPI_MspInit   spi.o
    0x08001bd8   0x08001bd8   0x00000150   Code   RO         2191    i.HAL_SPI_Receive   stm32f1xx_hal_spi.o
    0x08001d28   0x08001d28   0x0000015c   Code   RO         2196    i.HAL_SPI_Transmit  stm32f1xx_hal_spi.o
    0x08001e84   0x08001e84   0x000001e2   Code   RO         2197    i.HAL_SPI_TransmitReceive  stm32f1xx_hal_spi.o
    0x08002066   0x08002066   0x00000028   Code   RO         3347    i.HAL_SYSTICK_Config  stm32f1xx_hal_cortex.o
    0x0800208e   0x0800208e   0x00000058   Code   RO         2554    i.HAL_UART_DMAStop  stm32f1xx_hal_uart.o
    0x080020e6   0x080020e6   0x00000002   Code   RO         2556    i.HAL_UART_ErrorCallback  stm32f1xx_hal_uart.o
    0x080020e8   0x080020e8   0x00000110   Code   RO         2559    i.HAL_UART_IRQHandler  stm32f1xx_hal_uart.o
    0x080021f8   0x080021f8   0x00000062   Code   RO         2560    i.HAL_UART_Init     stm32f1xx_hal_uart.o
    0x0800225a   0x0800225a   0x00000002   PAD
    0x0800225c   0x0800225c   0x000001bc   Code   RO         1497    i.HAL_UART_MspInit  usart.o
    0x08002418   0x08002418   0x00000098   Code   RO         2564    i.HAL_UART_Receive_DMA  stm32f1xx_hal_uart.o
    0x080024b0   0x080024b0   0x00000002   Code   RO         2566    i.HAL_UART_RxCpltCallback  stm32f1xx_hal_uart.o
    0x080024b2   0x080024b2   0x00000002   Code   RO         2567    i.HAL_UART_RxHalfCpltCallback  stm32f1xx_hal_uart.o
    0x080024b4   0x080024b4   0x000000ba   Code   RO         2568    i.HAL_UART_Transmit  stm32f1xx_hal_uart.o
    0x0800256e   0x0800256e   0x00000002   Code   RO         2571    i.HAL_UART_TxCpltCallback  stm32f1xx_hal_uart.o
    0x08002570   0x08002570   0x00000002   Code   RO         1588    i.HardFault_Handler  stm32f1xx_it.o
    0x08002572   0x08002572   0x00000002   PAD
    0x08002574   0x08002574   0x0000004c   Code   RO         1388    i.MX_DMA_Init       dma.o
    0x080025c0   0x080025c0   0x00000084   Code   RO         1364    i.MX_GPIO_Init      gpio.o
    0x08002644   0x08002644   0x00000040   Code   RO         1414    i.MX_I2C1_Init      i2c.o
    0x08002684   0x08002684   0x00000048   Code   RO         1456    i.MX_SPI1_Init      spi.o
    0x080026cc   0x080026cc   0x00000038   Code   RO         1498    i.MX_USART1_UART_Init  usart.o
    0x08002704   0x08002704   0x00000038   Code   RO         1499    i.MX_USART2_UART_Init  usart.o
    0x0800273c   0x0800273c   0x00000038   Code   RO         1500    i.MX_USART3_UART_Init  usart.o
    0x08002774   0x08002774   0x00000002   Code   RO         1589    i.MemManage_Handler  stm32f1xx_it.o
    0x08002776   0x08002776   0x00000002   Code   RO         1590    i.NMI_Handler       stm32f1xx_it.o
    0x08002778   0x08002778   0x00000044   Code   RO          857    i.NotifyButton1     hmi_process.o
    0x080027bc   0x080027bc   0x0000000c   Code   RO          863    i.NotifyScreen      hmi_process.o
    0x080027c8   0x080027c8   0x0000001c   Code   RO          866    i.NotifyText        hmi_process.o
    0x080027e4   0x080027e4   0x00000008   Code   RO         1118    i.PcdAntennaOff     rc522.o
    0x080027ec   0x080027ec   0x0000001a   Code   RO         1119    i.PcdAntennaOn      rc522.o
    0x08002806   0x08002806   0x0000006a   Code   RO         1120    i.PcdAnticoll       rc522.o
    0x08002870   0x08002870   0x00000052   Code   RO         1121    i.PcdAuthState      rc522.o
    0x080028c2   0x080028c2   0x00000116   Code   RO         1123    i.PcdComMF522       rc522.o
    0x080029d8   0x080029d8   0x00000032   Code   RO         1124    i.PcdHalt           rc522.o
    0x08002a0a   0x08002a0a   0x00000050   Code   RO         1126    i.PcdRequest        rc522.o
    0x08002a5a   0x08002a5a   0x00000002   PAD
    0x08002a5c   0x08002a5c   0x0000008c   Code   RO         1127    i.PcdReset          rc522.o
    0x08002ae8   0x08002ae8   0x00000062   Code   RO         1128    i.PcdSelect         rc522.o
    0x08002b4a   0x08002b4a   0x00000002   Code   RO         1591    i.PendSV_Handler    stm32f1xx_it.o
    0x08002b4c   0x08002b4c   0x00000058   Code   RO         1132    i.ReadRawRC         rc522.o
    0x08002ba4   0x08002ba4   0x0000005c   Code   RO         2225    i.SPI_EndRxTransaction  stm32f1xx_hal_spi.o
    0x08002c00   0x08002c00   0x00000020   Code   RO         2226    i.SPI_EndRxTxTransaction  stm32f1xx_hal_spi.o
    0x08002c20   0x08002c20   0x00000094   Code   RO         2231    i.SPI_WaitFlagStateUntilTimeout  stm32f1xx_hal_spi.o
    0x08002cb4   0x08002cb4   0x00000002   Code   RO         1592    i.SVC_Handler       stm32f1xx_it.o
    0x08002cb6   0x08002cb6   0x00000002   PAD
    0x08002cb8   0x08002cb8   0x00000014   Code   RO         1501    i.SendChar          usart.o
    0x08002ccc   0x08002ccc   0x00000016   Code   RO           94    i.SendStrings       hmi_driver.o
    0x08002ce2   0x08002ce2   0x00000018   Code   RO         1133    i.SetBitMask        rc522.o
    0x08002cfa   0x08002cfa   0x0000003e   Code   RO          113    i.SetScreen         hmi_driver.o
    0x08002d38   0x08002d38   0x00000054   Code   RO          120    i.SetTextValue      hmi_driver.o
    0x08002d8c   0x08002d8c   0x00000034   Code   RO          121    i.SetTextValueFloat1  hmi_driver.o
    0x08002dc0   0x08002dc0   0x00000004   Code   RO         1593    i.SysTick_Handler   stm32f1xx_it.o
    0x08002dc4   0x08002dc4   0x0000004c   Code   RO         1315    i.SystemClock_Config  main.o
    0x08002e10   0x08002e10   0x00000048   Code   RO         3837    i.SystemInit        system_stm32f1xx.o
    0x08002e58   0x08002e58   0x00000010   Code   RO         2573    i.UART_DMAAbortOnError  stm32f1xx_hal_uart.o
    0x08002e68   0x08002e68   0x0000004a   Code   RO         2574    i.UART_DMAError     stm32f1xx_hal_uart.o
    0x08002eb2   0x08002eb2   0x0000003c   Code   RO         2575    i.UART_DMAReceiveCplt  stm32f1xx_hal_uart.o
    0x08002eee   0x08002eee   0x0000000a   Code   RO         2577    i.UART_DMARxHalfCplt  stm32f1xx_hal_uart.o
    0x08002ef8   0x08002ef8   0x0000001c   Code   RO         2583    i.UART_EndRxTransfer  stm32f1xx_hal_uart.o
    0x08002f14   0x08002f14   0x00000012   Code   RO         2584    i.UART_EndTxTransfer  stm32f1xx_hal_uart.o
    0x08002f26   0x08002f26   0x00000096   Code   RO         2585    i.UART_Receive_IT   stm32f1xx_hal_uart.o
    0x08002fbc   0x08002fbc   0x000000b8   Code   RO         2586    i.UART_SetConfig    stm32f1xx_hal_uart.o
    0x08003074   0x08003074   0x00000062   Code   RO         2587    i.UART_Transmit_IT  stm32f1xx_hal_uart.o
    0x080030d6   0x080030d6   0x00000064   Code   RO         2588    i.UART_WaitOnFlagUntilTimeout  stm32f1xx_hal_uart.o
    0x0800313a   0x0800313a   0x00000002   PAD
    0x0800313c   0x0800313c   0x00000048   Code   RO         1594    i.USART1_IRQHandler  stm32f1xx_it.o
    0x08003184   0x08003184   0x00000048   Code   RO         1595    i.USART2_IRQHandler  stm32f1xx_it.o
    0x080031cc   0x080031cc   0x00000048   Code   RO         1596    i.USART3_IRQHandler  stm32f1xx_it.o
    0x08003214   0x08003214   0x00000002   Code   RO         1597    i.UsageFault_Handler  stm32f1xx_it.o
    0x08003216   0x08003216   0x00000002   PAD
    0x08003218   0x08003218   0x0000007c   Code   RO          870    i.Usart1_Process    hmi_process.o
    0x08003294   0x08003294   0x000000c4   Code   RO         1061    i.Usart2_Process    lgd_cmd.o
    0x08003358   0x08003358   0x000000c4   Code   RO         1062    i.Usart3_Process    lgd_cmd.o
    0x0800341c   0x0800341c   0x00000048   Code   RO         1134    i.WriteRawRC        rc522.o
    0x08003464   0x08003464   0x00000020   Code   RO         4111    i.__0printf         mc_w.l(printfa.o)
    0x08003484   0x08003484   0x00000028   Code   RO         4113    i.__0sprintf        mc_w.l(printfa.o)
    0x080034ac   0x080034ac   0x00000020   Code   RO         3349    i.__NVIC_SetPriority  stm32f1xx_hal_cortex.o
    0x080034cc   0x080034cc   0x0000000e   Code   RO         4203    i.__scatterload_copy  mc_w.l(handlers.o)
    0x080034da   0x080034da   0x00000002   Code   RO         4204    i.__scatterload_null  mc_w.l(handlers.o)
    0x080034dc   0x080034dc   0x0000000e   Code   RO         4205    i.__scatterload_zeroinit  mc_w.l(handlers.o)
    0x080034ea   0x080034ea   0x00000002   PAD
    0x080034ec   0x080034ec   0x00000184   Code   RO         4118    i._fp_digits        mc_w.l(printfa.o)
    0x08003670   0x08003670   0x000006dc   Code   RO         4119    i._printf_core      mc_w.l(printfa.o)
    0x08003d4c   0x08003d4c   0x00000024   Code   RO         4120    i._printf_post_padding  mc_w.l(printfa.o)
    0x08003d70   0x08003d70   0x0000002e   Code   RO         4121    i._printf_pre_padding  mc_w.l(printfa.o)
    0x08003d9e   0x08003d9e   0x0000000a   Code   RO         4123    i._sputc            mc_w.l(printfa.o)
    0x08003da8   0x08003da8   0x00000018   Code   RO         1502    i.fputc             usart.o
    0x08003dc0   0x08003dc0   0x000002ec   Code   RO         1316    i.main              main.o
    0x080040ac   0x080040ac   0x00000078   Code   RO          977    i.queue_find_cmd    cmd_queue.o
    0x08004124   0x08004124   0x00000020   Code   RO          978    i.queue_push        cmd_queue.o
    0x08004144   0x08004144   0x00000018   Code   RO          979    i.queue_reset       cmd_queue.o
    0x0800415c   0x0800415c   0x000000ac   Code   RO         1257    i.store_value       flash.o
    0x08004208   0x08004208   0x000000e8   Code   RO          134    i.string_to_float   hmi_driver.o
    0x080042f0   0x080042f0   0x00000044   Code   RO         1258    i.writeFlash        flash.o
    0x08004334   0x08004334   0x00000010   Data   RO         3838    .constdata          system_stm32f1xx.o
    0x08004344   0x08004344   0x00000008   Data   RO         3839    .constdata          system_stm32f1xx.o
    0x0800434c   0x0800434c   0x00000020   Data   RO         4201    Region$$Table       anon$$obj.o


    Execution Region RW_IRAM1 (Exec base: 0x20000000, Load base: 0x0800436c, Size: 0x00000ad0, Max: 0x00010000, ABSOLUTE)

    Exec Addr    Load Addr    Size         Type   Attr      Idx    E Section Name        Object

    0x20000000   0x0800436c   0x00000002   Data   RW          872    .data               hmi_process.o
    0x20000002   0x0800436e   0x00000002   PAD
    0x20000004   0x08004370   0x00000008   Data   RW          981    .data               cmd_queue.o
    0x2000000c   0x08004378   0x0000000c   Data   RW         1067    .data               lgd_cmd.o
    0x20000018   0x08004384   0x0000003c   Data   RW         1260    .data               flash.o
    0x20000054   0x080043c0   0x00000001   Data   RW         1318    .data               main.o
    0x20000055   0x080043c1   0x0000000d   Data   RW         1319    .data               main.o
    0x20000062   0x080043ce   0x00000001   Data   RW         1515    .data               usart.o
    0x20000063   0x080043cf   0x00000001   Data   RW         1516    .data               usart.o
    0x20000064   0x080043d0   0x00000001   Data   RW         1517    .data               usart.o
    0x20000065   0x080043d1   0x00000001   Data   RW         1520    .data               usart.o
    0x20000066   0x080043d2   0x00000001   Data   RW         1521    .data               usart.o
    0x20000067   0x080043d3   0x00000001   Data   RW         1522    .data               usart.o
    0x20000068   0x080043d4   0x0000000c   Data   RW         2886    .data               stm32f1xx_hal.o
    0x20000074   0x080043e0   0x00000004   Data   RW         3840    .data               system_stm32f1xx.o
    0x20000078   0x080043e4   0x00000004   Data   RW         4181    .data               mc_w.l(stdout.o)
    0x2000007c        -       0x00000204   Zero   RW          980    .bss                cmd_queue.o
    0x20000280        -       0x000000c8   Zero   RW         1259    .bss                flash.o
    0x20000348        -       0x00000054   Zero   RW         1415    .bss                i2c.o
    0x2000039c        -       0x00000058   Zero   RW         1457    .bss                spi.o
    0x200003f4        -       0x00000064   Zero   RW         1503    .bss                usart.o
    0x20000458        -       0x00000064   Zero   RW         1504    .bss                usart.o
    0x200004bc        -       0x00000064   Zero   RW         1505    .bss                usart.o
    0x20000520        -       0x0000018c   Zero   RW         1514    .bss                usart.o
    0x200006ac   0x080043e8   0x00000004   PAD
    0x200006b0        -       0x00000020   Zero   RW         3590    .bss                stm32f1xx_hal_flash.o
    0x200006d0        -       0x00000400   Zero   RW            1    STACK               startup_stm32f103xb.o


==============================================================================

Image component sizes


      Code (inc. data)   RO Data    RW Data    ZI Data      Debug   Object Name

       176         22          0          8        516       2256   cmd_queue.o
        76          4          0          0          0        686   dma.o
       408         22          0         60        200       2664   flash.o
       132         12          0          0          0        799   gpio.o
       452         20          0          0          0     416902   hmi_driver.o
       358         48          0          2          0      31654   hmi_process.o
       156         26          0          0         84       1461   i2c.o
       392         68          0         12          0       3279   lgd_cmd.o
       826        342          0         14          0       2524   main.o
      1178         24          0          0          0       9179   rc522.o
       184         24          0          0         88       1485   spi.o
        36          8        236          0       1024        772   startup_stm32f103xb.o
       164         28          0         12          0       5637   stm32f1xx_hal.o
       198         14          0          0          0      28743   stm32f1xx_hal_cortex.o
       808         36          0          0          0       4762   stm32f1xx_hal_dma.o
       392         46          0          0         32       4470   stm32f1xx_hal_flash.o
       240         26          0          0          0       3117   stm32f1xx_hal_flash_ex.o
       490         34          0          0          0       2796   stm32f1xx_hal_gpio.o
       372         16          0          0          0       2855   stm32f1xx_hal_i2c.o
        60          8          0          0          0        778   stm32f1xx_hal_msp.o
      1272        100          0          0          0       4996   stm32f1xx_hal_rcc.o
      1562          0          0          0          0       7702   stm32f1xx_hal_spi.o
      1542         26          0          0          0      12763   stm32f1xx_hal_uart.o
       272         72          0          0          0       6610   stm32f1xx_it.o
        72         16         24          4          0       1063   system_stm32f1xx.o
       656         64          0          6        696       4768   usart.o

    ----------------------------------------------------------------------
     12496       1106        292        120       2644     564721   Object Totals
         0          0         32          0          0          0   (incl. Generated)
        22          0          0          2          4          0   (incl. Padding)

    ----------------------------------------------------------------------

      Code (inc. data)   RO Data    RW Data    ZI Data      Debug   Library Member Name

         0          0          0          0          0          0   entry.o
         0          0          0          0          0          0   entry10a.o
         0          0          0          0          0          0   entry11a.o
         8          4          0          0          0          0   entry2.o
         4          0          0          0          0          0   entry5.o
         0          0          0          0          0          0   entry7b.o
         0          0          0          0          0          0   entry8b.o
         8          4          0          0          0          0   entry9a.o
        30          0          0          0          0          0   handlers.o
        36          8          0          0          0         68   init.o
         0          0          0          0          0          0   iusefp.o
        30          0          0          0          0         68   llshl.o
        36          0          0          0          0         68   llsshr.o
        32          0          0          0          0         68   llushr.o
        36          0          0          0          0        108   memseta.o
      2308         96          0          0          0        604   printfa.o
         0          0          0          4          0          0   stdout.o
        44          0          0          0          0         80   uidiv.o
        98          0          0          0          0         92   uldiv.o
        48          0          0          0          0         68   cdrcmple.o
        56          0          0          0          0         88   d2f.o
       334          0          0          0          0        148   dadd.o
       222          0          0          0          0        100   ddiv.o
       186          0          0          0          0        176   depilogue.o
        48          0          0          0          0         68   dfixul.o
        34          0          0          0          0         76   dflti.o
        26          0          0          0          0         76   dfltui.o
       228          0          0          0          0         96   dmul.o
        38          0          0          0          0         68   f2d.o
       176          0          0          0          0        140   fadd.o
       124          0          0          0          0         88   fdiv.o
       110          0          0          0          0        168   fepilogue.o
        40          0          0          0          0         68   ffixui.o
        18          0          0          0          0         68   fflti.o
        10          0          0          0          0         68   ffltui.o
       100          0          0          0          0         76   fmul.o

    ----------------------------------------------------------------------
      4472        112          0          4          0       2796   Library Totals
         4          0          0          0          0          0   (incl. Padding)

    ----------------------------------------------------------------------

      Code (inc. data)   RO Data    RW Data    ZI Data      Debug   Library Name

      2670        112          0          4          0       1156   mc_w.l
      1798          0          0          0          0       1640   mf_w.l

    ----------------------------------------------------------------------
      4472        112          0          4          0       2796   Library Totals

    ----------------------------------------------------------------------

==============================================================================


      Code (inc. data)   RO Data    RW Data    ZI Data      Debug   

     16968       1218        292        124       2644     559921   Grand Totals
     16968       1218        292        124       2644     559921   ELF Image Totals
     16968       1218        292        124          0          0   ROM Totals

==============================================================================

    Total RO  Size (Code + RO Data)                17260 (  16.86kB)
    Total RW  Size (RW Data + ZI Data)              2768 (   2.70kB)
    Total ROM Size (Code + RO Data + RW Data)      17384 (  16.98kB)

==============================================================================

