<html>
<body>
<pre>
<h1>µVision Build Log</h1>
<h2>Project:</h2>
C:\Users\white\Desktop\¶«º½wg\MDK-ARM\WGCable.uvproj
Project File Date:  05/19/2019

<h2>Output:</h2>
Build target 'CES'
compiling gpio.c...
compiling stm32f1xx_it.c...
compiling usart.c...
compiling stm32f1xx_hal_msp.c...
compiling dma.c...
compiling main.c...
compiling tim.c...
compiling iwdg.c...
compiling weigand.c...
compiling serial.c...
compiling stm32f1xx_hal_tim_ex.c...
compiling stm32f1xx_hal_flash_ex.c...
compiling stm32f1xx_hal_tim.c...
compiling stm32f1xx_hal_uart.c...
compiling stm32f1xx_hal_gpio_ex.c...
compiling stm32f1xx_hal_rcc_ex.c...
compiling stm32f1xx_hal.c...
compiling stm32f1xx_hal_dma.c...
compiling stm32f1xx_hal_cortex.c...
compiling stm32f1xx_hal_rcc.c...
compiling stm32f1xx_hal_pwr.c...
compiling stm32f1xx_hal_flash.c...
compiling stm32f1xx_hal_gpio.c...
compiling stm32f1xx_hal_iwdg.c...
assembling startup_stm32f103xb.s...
compiling system_stm32f1xx.c...
linking...
Program Size: Code=11086 RO-data=294 RW-data=32 ZI-data=7912  
FromELF: creating hex file...
"one-50.axf" - 0 Error(s), 0 Warning(s).
Build target 'CES'
compiling gpio.c...
compiling stm32f1xx_it.c...
compiling usart.c...
compiling stm32f1xx_hal_msp.c...
compiling dma.c...
compiling main.c...
compiling tim.c...
compiling iwdg.c...
compiling weigand.c...
compiling serial.c...
compiling stm32f1xx_hal_tim_ex.c...
compiling stm32f1xx_hal_flash_ex.c...
compiling stm32f1xx_hal_tim.c...
compiling stm32f1xx_hal_uart.c...
compiling stm32f1xx_hal_gpio_ex.c...
compiling stm32f1xx_hal_rcc_ex.c...
compiling stm32f1xx_hal.c...
compiling stm32f1xx_hal_dma.c...
compiling stm32f1xx_hal_cortex.c...
compiling stm32f1xx_hal_rcc.c...
compiling stm32f1xx_hal_pwr.c...
compiling stm32f1xx_hal_flash.c...
compiling stm32f1xx_hal_gpio.c...
compiling stm32f1xx_hal_iwdg.c...
assembling startup_stm32f103xb.s...
startup_stm32f103xb.s: error: A1023E: File "startup_stm32f103xb.s" could not be opened: No such file or directory
Target not created
Build target 'CES'
assembling startup_stm32f103xb.s...
compiling system_stm32f1xx.c...
linking...
Program Size: Code=11086 RO-data=294 RW-data=32 ZI-data=7912  
FromELF: creating hex file...
".\output\one-50.axf" - 0 Error(s), 0 Warning(s).
Build target 'CES'
compiling usart.c...
linking...
Program Size: Code=11086 RO-data=294 RW-data=32 ZI-data=7912  
FromELF: creating hex file...
".\output\one-50.axf" - 0 Error(s), 0 Warning(s).
Build target 'CES'
linking...
Program Size: Code=11086 RO-data=294 RW-data=32 ZI-data=7912  
FromELF: creating hex file...
".\output\one-50.axf" - 0 Error(s), 0 Warning(s).
Build target 'CES'
linking...
Program Size: Code=11086 RO-data=294 RW-data=32 ZI-data=7912  
FromELF: creating hex file...
".\output\one-50.axf" - 0 Error(s), 0 Warning(s).
Build target 'CES'
linking...
Program Size: Code=11086 RO-data=294 RW-data=32 ZI-data=7912  
FromELF: creating hex file...
".\output\one-55.axf" - 0 Error(s), 0 Warning(s).
